[2019-03-31T14:21:43.271-0800][0.041s] Using Concurrent Mark Sweep
[2019-03-31T14:21:43.271-0800][0.042s] Heap address: 0x00000007a0000000, size: 512 MB, Compressed Oops mode: Zero based, Oop shift amount: 3
[2019-03-31T14:21:47.335-0800][4.106s] GC(0) Pause Initial Mark
[2019-03-31T14:21:47.351-0800][4.122s] GC(0) Pause Initial Mark 67M->67M(490M) 15.788ms
[2019-03-31T14:21:47.351-0800][4.122s] GC(0) User=0.05s Sys=0.00s Real=0.02s
[2019-03-31T14:21:47.351-0800][4.122s] GC(0) Concurrent Mark
[2019-03-31T14:21:47.351-0800][4.122s] GC(0) Using 4 workers of 4 for marking
[2019-03-31T14:21:47.352-0800][4.122s] GC(0) Concurrent Mark 0.437ms
[2019-03-31T14:21:47.352-0800][4.122s] GC(0) User=0.00s Sys=0.00s Real=0.00s
[2019-03-31T14:21:47.352-0800][4.122s] GC(0) Concurrent Preclean
[2019-03-31T14:21:47.353-0800][4.123s] GC(0) Concurrent Preclean 0.799ms
[2019-03-31T14:21:47.353-0800][4.123s] GC(0) User=0.00s Sys=0.00s Real=0.00s
[2019-03-31T14:21:47.353-0800][4.123s] GC(0) Concurrent Abortable Preclean
[2019-03-31T14:21:48.084-0800][4.855s] GC(1) Pause Young (Allocation Failure)
[2019-03-31T14:21:48.084-0800][4.855s] GC(1) Using 4 workers of 4 for evacuation
[2019-03-31T14:21:48.110-0800][4.880s] GC(1) ParNew: 87424K->11251K(109248K)
[2019-03-31T14:21:48.110-0800][4.881s] GC(1) CMS: 0K->0K(393216K)
[2019-03-31T14:21:48.110-0800][4.881s] GC(1) Metaspace: 24387K->24387K(1071104K)
[2019-03-31T14:21:48.110-0800][4.881s] GC(1) Pause Young (Allocation Failure) 85M->10M(490M) 25.627ms
[2019-03-31T14:21:48.110-0800][4.881s] GC(1) User=0.04s Sys=0.01s Real=0.03s
[2019-03-31T14:21:49.522-0800][6.293s] GC(0) Concurrent Abortable Preclean 2169.615ms
[2019-03-31T14:21:49.523-0800][6.293s] GC(0) User=4.18s Sys=0.22s Real=2.17s
[2019-03-31T14:21:49.523-0800][6.293s] GC(0) Pause Remark
[2019-03-31T14:21:49.523-0800][6.293s] GC(2) Pause Young (CMS Final Remark)
[2019-03-31T14:21:49.523-0800][6.293s] GC(2) Using 4 workers of 4 for evacuation
[2019-03-31T14:21:49.541-0800][6.311s] GC(2) ParNew: 59006K->12667K(109248K)
[2019-03-31T14:21:49.541-0800][6.312s] GC(2) CMS: 0K->0K(393216K)
[2019-03-31T14:21:49.541-0800][6.312s] GC(2) Metaspace: 28396K->28396K(1075200K)
[2019-03-31T14:21:49.541-0800][6.312s] GC(2) Pause Young (CMS Final Remark) 57M->12M(490M) 18.215ms
[2019-03-31T14:21:49.541-0800][6.312s] GC(2) User=0.05s Sys=0.01s Real=0.02s
[2019-03-31T14:21:49.563-0800][6.334s] GC(0) Pause Remark 57M->12M(490M) 40.551ms
[2019-03-31T14:21:49.563-0800][6.334s] GC(0) User=0.09s Sys=0.02s Real=0.04s
[2019-03-31T14:21:49.563-0800][6.334s] GC(0) Concurrent Sweep
[2019-03-31T14:21:49.564-0800][6.334s] GC(0) Concurrent Sweep 0.166ms
[2019-03-31T14:21:49.564-0800][6.334s] GC(0) User=0.00s Sys=0.00s Real=0.00s
[2019-03-31T14:21:49.564-0800][6.334s] GC(0) Concurrent Reset
[2019-03-31T14:21:49.570-0800][6.340s] GC(0) Concurrent Reset 5.987ms
[2019-03-31T14:21:49.570-0800][6.340s] GC(0) User=0.02s Sys=0.00s Real=0.01s
[2019-03-31T14:21:49.570-0800][6.340s] GC(0) Old: 0K->0K(393216K)
[2019-03-31T14:21:52.067-0800][8.837s] GC(3) Pause Young (Allocation Failure)
[2019-03-31T14:21:52.067-0800][8.837s] GC(3) Using 4 workers of 4 for evacuation
[2019-03-31T14:21:52.083-0800][8.853s] GC(3) ParNew: 100085K->21824K(109248K)
[2019-03-31T14:21:52.083-0800][8.853s] GC(3) CMS: 0K->0K(393216K)
[2019-03-31T14:21:52.083-0800][8.853s] GC(3) Metaspace: 36256K->36256K(1083392K)
[2019-03-31T14:21:52.083-0800][8.853s] GC(3) Pause Young (Allocation Failure) 97M->21M(490M) 15.834ms
[2019-03-31T14:21:52.083-0800][8.853s] GC(3) User=0.06s Sys=0.01s Real=0.02s
[2019-03-31T14:21:53.017-0800][9.788s] GC(4) Pause Young (Allocation Failure)
[2019-03-31T14:21:53.017-0800][9.788s] GC(4) Using 4 workers of 4 for evacuation
[2019-03-31T14:21:53.068-0800][9.838s] GC(4) ParNew: 109248K->21824K(109248K)
[2019-03-31T14:21:53.068-0800][9.838s] GC(4) CMS: 0K->498K(393216K)
[2019-03-31T14:21:53.068-0800][9.838s] GC(4) Metaspace: 38337K->38337K(1085440K)
[2019-03-31T14:21:53.068-0800][9.838s] GC(4) Pause Young (Allocation Failure) 106M->21M(490M) 50.657ms
[2019-03-31T14:21:53.068-0800][9.838s] GC(4) User=0.09s Sys=0.01s Real=0.05s
[2019-03-31T14:21:53.402-0800][10.172s] GC(5) Pause Young (Allocation Failure)
[2019-03-31T14:21:53.402-0800][10.172s] GC(5) Using 4 workers of 4 for evacuation
[2019-03-31T14:21:53.429-0800][10.199s] GC(5) ParNew: 109248K->19041K(109248K)
[2019-03-31T14:21:53.429-0800][10.199s] GC(5) CMS: 498K->11478K(393216K)
[2019-03-31T14:21:53.429-0800][10.199s] GC(5) Metaspace: 38740K->38740K(1085440K)
[2019-03-31T14:21:53.429-0800][10.199s] GC(5) Pause Young (Allocation Failure) 107M->29M(490M) 27.020ms
[2019-03-31T14:21:53.429-0800][10.199s] GC(5) User=0.10s Sys=0.01s Real=0.02s
[2019-03-31T14:21:54.777-0800][11.547s] GC(6) Pause Young (Allocation Failure)
[2019-03-31T14:21:54.777-0800][11.547s] GC(6) Using 4 workers of 4 for evacuation
[2019-03-31T14:21:54.787-0800][11.557s] GC(6) ParNew: 106465K->14858K(109248K)
[2019-03-31T14:21:54.787-0800][11.557s] GC(6) CMS: 11478K->11478K(393216K)
[2019-03-31T14:21:54.787-0800][11.557s] GC(6) Metaspace: 43358K->43358K(1089536K)
[2019-03-31T14:21:54.787-0800][11.557s] GC(6) Pause Young (Allocation Failure) 115M->25M(490M) 10.141ms
[2019-03-31T14:21:54.787-0800][11.557s] GC(6) User=0.04s Sys=0.00s Real=0.01s
[2019-03-31T14:21:56.787-0800][13.557s] GC(7) Pause Initial Mark
[2019-03-31T14:21:56.804-0800][13.574s] GC(7) Pause Initial Mark 84M->84M(490M) 16.407ms
[2019-03-31T14:21:56.804-0800][13.574s] GC(7) User=0.06s Sys=0.00s Real=0.02s
[2019-03-31T14:21:56.804-0800][13.574s] GC(7) Concurrent Mark
[2019-03-31T14:21:56.804-0800][13.574s] GC(7) Using 4 workers of 4 for marking
[2019-03-31T14:21:56.813-0800][13.583s] GC(7) Concurrent Mark 8.854ms
[2019-03-31T14:21:56.813-0800][13.583s] GC(7) User=0.03s Sys=0.00s Real=0.01s
[2019-03-31T14:21:56.813-0800][13.583s] GC(7) Concurrent Preclean
[2019-03-31T14:21:56.814-0800][13.584s] GC(7) Concurrent Preclean 1.404ms
[2019-03-31T14:21:56.815-0800][13.585s] GC(7) User=0.00s Sys=0.00s Real=0.00s
[2019-03-31T14:21:56.815-0800][13.585s] GC(7) Concurrent Abortable Preclean
[2019-03-31T14:22:02.948-0800][19.718s] GC(7) Concurrent Abortable Preclean 6133.377ms
[2019-03-31T14:22:02.948-0800][19.718s] GC(7) User=4.53s Sys=0.11s Real=6.13s
[2019-03-31T14:22:02.948-0800][19.719s] GC(7) Pause Remark
[2019-03-31T14:22:02.948-0800][19.719s] GC(8) Pause Young (CMS Final Remark)
[2019-03-31T14:22:02.948-0800][19.719s] GC(8) Using 4 workers of 4 for evacuation
[2019-03-31T14:22:02.966-0800][19.736s] GC(8) ParNew: 83523K->21824K(109248K)
[2019-03-31T14:22:02.966-0800][19.736s] GC(8) CMS: 11478K->11704K(393216K)
[2019-03-31T14:22:02.966-0800][19.736s] GC(8) Metaspace: 48579K->48579K(1093632K)
[2019-03-31T14:22:02.966-0800][19.736s] GC(8) Pause Young (CMS Final Remark) 92M->32M(490M) 17.591ms
[2019-03-31T14:22:02.966-0800][19.736s] GC(8) User=0.06s Sys=0.00s Real=0.02s
[2019-03-31T14:22:02.992-0800][19.762s] GC(7) Pause Remark 92M->32M(490M) 43.368ms
[2019-03-31T14:22:02.992-0800][19.762s] GC(7) User=0.11s Sys=0.00s Real=0.05s
[2019-03-31T14:22:02.992-0800][19.762s] GC(7) Concurrent Sweep
[2019-03-31T14:22:02.995-0800][19.765s] GC(7) Concurrent Sweep 3.095ms
[2019-03-31T14:22:02.995-0800][19.765s] GC(7) User=0.00s Sys=0.00s Real=0.00s
[2019-03-31T14:22:02.995-0800][19.765s] GC(7) Concurrent Reset
[2019-03-31T14:22:02.996-0800][19.766s] GC(7) Concurrent Reset 0.842ms
[2019-03-31T14:22:02.996-0800][19.766s] GC(7) User=0.00s Sys=0.00s Real=0.00s
[2019-03-31T14:22:02.996-0800][19.766s] GC(7) Old: 11478K->11670K(393216K)
[2019-03-31T17:36:43.207-0800][8884.489s] Heap
[2019-03-31T17:36:43.207-0800][8884.489s]  par new generation   total 109248K, used 87435K [0x00000007a0000000, 0x00000007a8000000, 0x00000007a8000000)
[2019-03-31T17:36:43.207-0800][8884.489s]   eden space 87424K,  75% used [0x00000007a0000000, 0x00000007a4012f20, 0x00000007a5560000)
[2019-03-31T17:36:43.207-0800][8884.489s]   from space 21824K, 100% used [0x00000007a6ab0000, 0x00000007a8000000, 0x00000007a8000000)
[2019-03-31T17:36:43.207-0800][8884.489s]   to   space 21824K,   0% used [0x00000007a5560000, 0x00000007a5560000, 0x00000007a6ab0000)
[2019-03-31T17:36:43.207-0800][8884.489s]  concurrent mark-sweep generation total 393216K, used 11670K [0x00000007a8000000, 0x00000007c0000000, 0x00000007c0000000)
[2019-03-31T17:36:43.207-0800][8884.490s]  Metaspace       used 50865K, capacity 51779K, committed 52332K, reserved 1095680K
[2019-03-31T17:36:43.207-0800][8884.490s]   class space    used 5635K, capacity 6018K, committed 6056K, reserved 1048576K
