[2019-04-03T10:44:46.182-0800][0.019s] Using Concurrent Mark Sweep
[2019-04-03T10:44:46.182-0800][0.019s] Heap address: 0x00000007a0000000, size: 512 MB, Compressed Oops mode: Zero based, Oop shift amount: 3
[2019-04-03T10:44:50.233-0800][4.070s] GC(0) Pause Initial Mark
[2019-04-03T10:44:50.248-0800][4.084s] GC(0) Pause Initial Mark 79M->79M(490M) 14.280ms
[2019-04-03T10:44:50.248-0800][4.084s] GC(0) User=0.04s Sys=0.00s Real=0.01s
[2019-04-03T10:44:50.248-0800][4.084s] GC(0) Concurrent Mark
[2019-04-03T10:44:50.248-0800][4.084s] GC(0) Using 4 workers of 4 for marking
[2019-04-03T10:44:50.248-0800][4.085s] GC(0) Concurrent Mark 0.194ms
[2019-04-03T10:44:50.248-0800][4.085s] GC(0) User=0.00s Sys=0.00s Real=0.00s
[2019-04-03T10:44:50.248-0800][4.085s] GC(0) Concurrent Preclean
[2019-04-03T10:44:50.249-0800][4.085s] GC(0) Concurrent Preclean 0.694ms
[2019-04-03T10:44:50.249-0800][4.085s] GC(0) User=0.00s Sys=0.00s Real=0.00s
[2019-04-03T10:44:50.249-0800][4.085s] GC(0) Concurrent Abortable Preclean
[2019-04-03T10:44:50.459-0800][4.295s] GC(1) Pause Young (Allocation Failure)
[2019-04-03T10:44:50.459-0800][4.295s] GC(1) Using 4 workers of 4 for evacuation
[2019-04-03T10:44:50.473-0800][4.310s] GC(1) ParNew: 87424K->11278K(109248K)
[2019-04-03T10:44:50.474-0800][4.310s] GC(1) CMS: 0K->0K(393216K)
[2019-04-03T10:44:50.474-0800][4.310s] GC(1) Metaspace: 24392K->24392K(1071104K)
[2019-04-03T10:44:50.474-0800][4.310s] GC(1) Pause Young (Allocation Failure) 85M->11M(490M) 14.917ms
[2019-04-03T10:44:50.474-0800][4.310s] GC(1) User=0.04s Sys=0.01s Real=0.02s
[2019-04-03T10:44:51.740-0800][5.577s] GC(0) Concurrent Abortable Preclean 1491.206ms
[2019-04-03T10:44:51.740-0800][5.577s] GC(0) User=3.18s Sys=0.11s Real=1.50s
[2019-04-03T10:44:51.741-0800][5.578s] GC(0) Pause Remark
[2019-04-03T10:44:51.741-0800][5.578s] GC(2) Pause Young (CMS Final Remark)
[2019-04-03T10:44:51.741-0800][5.578s] GC(2) Using 4 workers of 4 for evacuation
[2019-04-03T10:44:51.759-0800][5.595s] GC(2) ParNew: 56132K->13174K(109248K)
[2019-04-03T10:44:51.759-0800][5.595s] GC(2) CMS: 0K->0K(393216K)
[2019-04-03T10:44:51.759-0800][5.595s] GC(2) Metaspace: 28728K->28728K(1075200K)
[2019-04-03T10:44:51.759-0800][5.595s] GC(2) Pause Young (CMS Final Remark) 54M->12M(490M) 17.485ms
[2019-04-03T10:44:51.759-0800][5.595s] GC(2) User=0.05s Sys=0.00s Real=0.01s
[2019-04-03T10:44:51.775-0800][5.612s] GC(0) Pause Remark 54M->12M(490M) 33.822ms
[2019-04-03T10:44:51.775-0800][5.612s] GC(0) User=0.09s Sys=0.00s Real=0.03s
[2019-04-03T10:44:51.775-0800][5.612s] GC(0) Concurrent Sweep
[2019-04-03T10:44:51.776-0800][5.613s] GC(0) Concurrent Sweep 1.094ms
[2019-04-03T10:44:51.777-0800][5.613s] GC(0) User=0.00s Sys=0.00s Real=0.00s
[2019-04-03T10:44:51.778-0800][5.615s] GC(0) Concurrent Reset
[2019-04-03T10:44:51.784-0800][5.621s] GC(0) Concurrent Reset 5.764ms
[2019-04-03T10:44:51.784-0800][5.621s] GC(0) User=0.01s Sys=0.01s Real=0.01s
[2019-04-03T10:44:51.784-0800][5.621s] GC(0) Old: 0K->0K(393216K)
[2019-04-03T10:44:53.874-0800][7.710s] GC(3) Pause Young (Allocation Failure)
[2019-04-03T10:44:53.874-0800][7.711s] GC(3) Using 4 workers of 4 for evacuation
[2019-04-03T10:44:53.955-0800][7.792s] GC(3) ParNew: 100598K->21824K(109248K)
[2019-04-03T10:44:53.955-0800][7.792s] GC(3) CMS: 0K->562K(393216K)
[2019-04-03T10:44:53.955-0800][7.792s] GC(3) Metaspace: 36232K->36232K(1083392K)
[2019-04-03T10:44:53.955-0800][7.792s] GC(3) Pause Young (Allocation Failure) 98M->21M(490M) 81.335ms
[2019-04-03T10:44:53.955-0800][7.792s] GC(3) User=0.16s Sys=0.01s Real=0.08s
[2019-04-03T10:44:54.524-0800][8.360s] GC(4) Pause Young (Allocation Failure)
[2019-04-03T10:44:54.524-0800][8.360s] GC(4) Using 4 workers of 4 for evacuation
[2019-04-03T10:44:54.570-0800][8.406s] GC(4) ParNew: 109248K->21824K(109248K)
[2019-04-03T10:44:54.570-0800][8.406s] GC(4) CMS: 562K->1421K(393216K)
[2019-04-03T10:44:54.570-0800][8.406s] GC(4) Metaspace: 37493K->37493K(1083392K)
[2019-04-03T10:44:54.570-0800][8.406s] GC(4) Pause Young (Allocation Failure) 107M->22M(490M) 45.812ms
[2019-04-03T10:44:54.570-0800][8.406s] GC(4) User=0.08s Sys=0.01s Real=0.05s
[2019-04-03T10:44:54.882-0800][8.719s] GC(5) Pause Young (Allocation Failure)
[2019-04-03T10:44:54.882-0800][8.719s] GC(5) Using 4 workers of 4 for evacuation
[2019-04-03T10:44:54.910-0800][8.746s] GC(5) ParNew: 109248K->19083K(109248K)
[2019-04-03T10:44:54.910-0800][8.746s] GC(5) CMS: 1421K->11738K(393216K)
[2019-04-03T10:44:54.910-0800][8.746s] GC(5) Metaspace: 38459K->38459K(1085440K)
[2019-04-03T10:44:54.910-0800][8.746s] GC(5) Pause Young (Allocation Failure) 108M->30M(490M) 27.694ms
[2019-04-03T10:44:54.910-0800][8.746s] GC(5) User=0.09s Sys=0.02s Real=0.03s
[2019-04-03T10:44:55.022-0800][8.858s] GC(6) Pause Young (Allocation Failure)
[2019-04-03T10:44:55.022-0800][8.858s] GC(6) Using 4 workers of 4 for evacuation
[2019-04-03T10:44:55.033-0800][8.869s] GC(6) ParNew: 106487K->14868K(109248K)
[2019-04-03T10:44:55.033-0800][8.869s] GC(6) CMS: 11738K->11738K(393216K)
[2019-04-03T10:44:55.033-0800][8.869s] GC(6) Metaspace: 38592K->38592K(1085440K)
[2019-04-03T10:44:55.033-0800][8.869s] GC(6) Pause Young (Allocation Failure) 115M->25M(490M) 10.867ms
[2019-04-03T10:44:55.033-0800][8.869s] GC(6) User=0.03s Sys=0.00s Real=0.01s
[2019-04-03T10:44:55.231-0800][9.068s] GC(7) Pause Young (Allocation Failure)
[2019-04-03T10:44:55.231-0800][9.068s] GC(7) Using 4 workers of 4 for evacuation
[2019-04-03T10:44:55.242-0800][9.079s] GC(7) ParNew: 102292K->12734K(109248K)
[2019-04-03T10:44:55.242-0800][9.079s] GC(7) CMS: 11738K->11738K(393216K)
[2019-04-03T10:44:55.243-0800][9.079s] GC(7) Metaspace: 38972K->38972K(1085440K)
[2019-04-03T10:44:55.243-0800][9.079s] GC(7) Pause Young (Allocation Failure) 111M->23M(490M) 11.168ms
[2019-04-03T10:44:55.243-0800][9.079s] GC(7) User=0.03s Sys=0.00s Real=0.01s
[2019-04-03T10:44:56.505-0800][10.342s] GC(8) Pause Young (Allocation Failure)
[2019-04-03T10:44:56.505-0800][10.342s] GC(8) Using 4 workers of 4 for evacuation
[2019-04-03T10:44:56.523-0800][10.360s] GC(8) ParNew: 100158K->18271K(109248K)
[2019-04-03T10:44:56.523-0800][10.360s] GC(8) CMS: 11738K->11738K(393216K)
[2019-04-03T10:44:56.524-0800][10.360s] GC(8) Metaspace: 43048K->43048K(1089536K)
[2019-04-03T10:44:56.524-0800][10.360s] GC(8) Pause Young (Allocation Failure) 109M->29M(490M) 18.315ms
[2019-04-03T10:44:56.524-0800][10.360s] GC(8) User=0.05s Sys=0.00s Real=0.02s
[2019-04-03T10:44:57.363-0800][11.200s] GC(9) Pause Young (Allocation Failure)
[2019-04-03T10:44:57.363-0800][11.200s] GC(9) Using 4 workers of 4 for evacuation
[2019-04-03T10:44:57.415-0800][11.251s] GC(9) ParNew: 105695K->21824K(109248K)
[2019-04-03T10:44:57.415-0800][11.251s] GC(9) CMS: 11738K->16668K(393216K)
[2019-04-03T10:44:57.415-0800][11.252s] GC(9) Metaspace: 45322K->45322K(1091584K)
[2019-04-03T10:44:57.415-0800][11.252s] GC(9) Pause Young (Allocation Failure) 114M->37M(490M) 51.930ms
[2019-04-03T10:44:57.415-0800][11.252s] GC(9) User=0.14s Sys=0.01s Real=0.05s
[2019-04-03T10:46:15.438-0800][89.274s] GC(10) Pause Initial Mark
[2019-04-03T10:46:15.452-0800][89.289s] GC(10) Pause Initial Mark 80M->80M(490M) 14.503ms
[2019-04-03T10:46:15.452-0800][89.289s] GC(10) User=0.05s Sys=0.00s Real=0.02s
[2019-04-03T10:46:15.452-0800][89.289s] GC(10) Concurrent Mark
[2019-04-03T10:46:15.452-0800][89.289s] GC(10) Using 4 workers of 4 for marking
[2019-04-03T10:46:15.464-0800][89.301s] GC(10) Concurrent Mark 11.809ms
[2019-04-03T10:46:15.464-0800][89.301s] GC(10) User=0.03s Sys=0.00s Real=0.01s
[2019-04-03T10:46:15.464-0800][89.301s] GC(10) Concurrent Preclean
[2019-04-03T10:46:15.466-0800][89.302s] GC(10) Concurrent Preclean 1.375ms
[2019-04-03T10:46:15.466-0800][89.302s] GC(10) User=0.01s Sys=0.00s Real=0.00s
[2019-04-03T10:46:15.466-0800][89.302s] GC(10) Concurrent Abortable Preclean
[2019-04-03T10:46:21.627-0800][95.464s] GC(10) Concurrent Abortable Preclean 6161.444ms
[2019-04-03T10:46:21.627-0800][95.464s] GC(10) User=3.75s Sys=0.04s Real=6.16s
[2019-04-03T10:46:21.627-0800][95.464s] GC(10) Pause Remark
[2019-04-03T10:46:21.628-0800][95.464s] GC(11) Pause Young (CMS Final Remark)
[2019-04-03T10:46:21.628-0800][95.464s] GC(11) Using 4 workers of 4 for evacuation
[2019-04-03T10:46:21.670-0800][95.507s] GC(11) ParNew: 67471K->21824K(109248K)
[2019-04-03T10:46:21.670-0800][95.507s] GC(11) CMS: 16668K->26567K(393216K)
[2019-04-03T10:46:21.670-0800][95.507s] GC(11) Metaspace: 49450K->49450K(1093632K)
[2019-04-03T10:46:21.670-0800][95.507s] GC(11) Pause Young (CMS Final Remark) 82M->47M(490M) 42.925ms
[2019-04-03T10:46:21.670-0800][95.507s] GC(11) User=0.11s Sys=0.01s Real=0.05s
[2019-04-03T10:46:21.703-0800][95.539s] GC(10) Pause Remark 82M->47M(490M) 75.466ms
[2019-04-03T10:46:21.703-0800][95.540s] GC(10) User=0.18s Sys=0.01s Real=0.08s
[2019-04-03T10:46:21.703-0800][95.540s] GC(10) Concurrent Sweep
[2019-04-03T10:46:21.712-0800][95.548s] GC(10) Concurrent Sweep 8.644ms
[2019-04-03T10:46:21.712-0800][95.548s] GC(10) User=0.01s Sys=0.00s Real=0.01s
[2019-04-03T10:46:21.712-0800][95.548s] GC(10) Concurrent Reset
[2019-04-03T10:46:21.713-0800][95.549s] GC(10) Concurrent Reset 0.848ms
[2019-04-03T10:46:21.713-0800][95.549s] GC(10) User=0.00s Sys=0.00s Real=0.00s
[2019-04-03T10:46:21.713-0800][95.549s] GC(10) Old: 16668K->26505K(393216K)
[2019-04-03T16:42:37.112-0800][13449.286s] GC(12) Pause Young (Allocation Failure)
[2019-04-03T16:42:37.112-0800][13449.286s] GC(12) Using 4 workers of 4 for evacuation
[2019-04-03T16:42:37.228-0800][13449.402s] GC(12) ParNew: 109248K->21824K(109248K)
[2019-04-03T16:42:37.229-0800][13449.402s] GC(12) CMS: 26505K->26568K(393216K)
[2019-04-03T16:42:37.229-0800][13449.402s] GC(12) Metaspace: 50732K->50732K(1095680K)
[2019-04-03T16:42:37.229-0800][13449.402s] GC(12) Pause Young (Allocation Failure) 132M->47M(490M) 116.655ms
[2019-04-03T16:42:37.229-0800][13449.402s] GC(12) User=0.10s Sys=0.23s Real=0.11s
