[2019-04-01T12:23:19.679-0800][0.015s] Using Concurrent Mark Sweep
[2019-04-01T12:23:19.679-0800][0.015s] Heap address: 0x00000007a0000000, size: 512 MB, Compressed Oops mode: Zero based, Oop shift amount: 3
[2019-04-01T12:23:23.060-0800][3.396s] GC(0) Pause Young (Allocation Failure)
[2019-04-01T12:23:23.060-0800][3.397s] GC(0) Using 4 workers of 4 for evacuation
[2019-04-01T12:23:23.075-0800][3.412s] GC(0) ParNew: 87424K->11295K(109248K)
[2019-04-01T12:23:23.076-0800][3.412s] GC(0) CMS: 0K->0K(393216K)
[2019-04-01T12:23:23.076-0800][3.412s] GC(0) Metaspace: 24384K->24384K(1071104K)
[2019-04-01T12:23:23.076-0800][3.412s] GC(0) Pause Young (Allocation Failure) 85M->11M(490M) 15.420ms
[2019-04-01T12:23:23.076-0800][3.412s] GC(0) User=0.04s Sys=0.01s Real=0.01s
[2019-04-01T12:23:23.076-0800][3.412s] GC(1) Pause Initial Mark
[2019-04-01T12:23:23.079-0800][3.415s] GC(1) Pause Initial Mark 11M->11M(490M) 2.888ms
[2019-04-01T12:23:23.079-0800][3.415s] GC(1) User=0.01s Sys=0.00s Real=0.00s
[2019-04-01T12:23:23.079-0800][3.415s] GC(1) Concurrent Mark
[2019-04-01T12:23:23.079-0800][3.415s] GC(1) Using 4 workers of 4 for marking
[2019-04-01T12:23:23.079-0800][3.415s] GC(1) Concurrent Mark 0.291ms
[2019-04-01T12:23:23.079-0800][3.415s] GC(1) User=0.00s Sys=0.00s Real=0.00s
[2019-04-01T12:23:23.080-0800][3.416s] GC(1) Concurrent Preclean
[2019-04-01T12:23:23.081-0800][3.417s] GC(1) Concurrent Preclean 0.832ms
[2019-04-01T12:23:23.081-0800][3.417s] GC(1) User=0.00s Sys=0.00s Real=0.00s
[2019-04-01T12:23:23.081-0800][3.417s] GC(1) Pause Remark
[2019-04-01T12:23:23.081-0800][3.417s] GC(2) Pause Young (CMS Final Remark)
[2019-04-01T12:23:23.081-0800][3.417s] GC(2) Using 4 workers of 4 for evacuation
[2019-04-01T12:23:23.093-0800][3.429s] GC(2) ParNew: 12932K->14324K(109248K)
[2019-04-01T12:23:23.093-0800][3.429s] GC(2) CMS: 0K->0K(393216K)
[2019-04-01T12:23:23.093-0800][3.429s] GC(2) Metaspace: 24398K->24398K(1071104K)
[2019-04-01T12:23:23.093-0800][3.429s] GC(2) Pause Young (CMS Final Remark) 12M->13M(490M) 11.774ms
[2019-04-01T12:23:23.093-0800][3.429s] GC(2) User=0.03s Sys=0.01s Real=0.01s
[2019-04-01T12:23:23.104-0800][3.441s] GC(1) Pause Remark 12M->13M(490M) 23.416ms
[2019-04-01T12:23:23.104-0800][3.441s] GC(1) User=0.06s Sys=0.01s Real=0.02s
[2019-04-01T12:23:23.105-0800][3.441s] GC(1) Concurrent Sweep
[2019-04-01T12:23:23.105-0800][3.441s] GC(1) Concurrent Sweep 0.060ms
[2019-04-01T12:23:23.105-0800][3.441s] GC(1) User=0.00s Sys=0.00s Real=0.00s
[2019-04-01T12:23:23.105-0800][3.441s] GC(1) Concurrent Reset
[2019-04-01T12:23:23.111-0800][3.447s] GC(1) Concurrent Reset 6.468ms
[2019-04-01T12:23:23.111-0800][3.448s] GC(1) User=0.01s Sys=0.00s Real=0.01s
[2019-04-01T12:23:23.111-0800][3.448s] GC(1) Old: 0K->0K(393216K)
[2019-04-01T12:23:25.118-0800][5.454s] GC(3) Pause Young (Allocation Failure)
[2019-04-01T12:23:25.118-0800][5.454s] GC(3) Using 4 workers of 4 for evacuation
[2019-04-01T12:23:25.133-0800][5.469s] GC(3) ParNew: 101748K->16001K(109248K)
[2019-04-01T12:23:25.133-0800][5.469s] GC(3) CMS: 0K->0K(393216K)
[2019-04-01T12:23:25.133-0800][5.469s] GC(3) Metaspace: 33876K->33876K(1081344K)
[2019-04-01T12:23:25.133-0800][5.469s] GC(3) Pause Young (Allocation Failure) 99M->15M(490M) 14.911ms
[2019-04-01T12:23:25.133-0800][5.469s] GC(3) User=0.05s Sys=0.00s Real=0.02s
[2019-04-01T12:23:26.363-0800][6.700s] GC(4) Pause Young (Allocation Failure)
[2019-04-01T12:23:26.363-0800][6.700s] GC(4) Using 4 workers of 4 for evacuation
[2019-04-01T12:23:26.401-0800][6.737s] GC(4) ParNew: 103425K->21824K(109248K)
[2019-04-01T12:23:26.401-0800][6.737s] GC(4) CMS: 0K->996K(393216K)
[2019-04-01T12:23:26.401-0800][6.737s] GC(4) Metaspace: 37452K->37452K(1083392K)
[2019-04-01T12:23:26.401-0800][6.737s] GC(4) Pause Young (Allocation Failure) 101M->22M(490M) 37.922ms
[2019-04-01T12:23:26.401-0800][6.737s] GC(4) User=0.10s Sys=0.01s Real=0.04s
[2019-04-01T12:23:26.814-0800][7.150s] GC(5) Pause Young (Allocation Failure)
[2019-04-01T12:23:26.814-0800][7.150s] GC(5) Using 4 workers of 4 for evacuation
[2019-04-01T12:23:26.832-0800][7.169s] GC(5) ParNew: 109248K->21824K(109248K)
[2019-04-01T12:23:26.832-0800][7.169s] GC(5) CMS: 996K->1808K(393216K)
[2019-04-01T12:23:26.832-0800][7.169s] GC(5) Metaspace: 38560K->38560K(1085440K)
[2019-04-01T12:23:26.833-0800][7.169s] GC(5) Pause Young (Allocation Failure) 107M->23M(490M) 18.541ms
[2019-04-01T12:23:26.833-0800][7.169s] GC(5) User=0.06s Sys=0.01s Real=0.02s
[2019-04-01T12:23:27.802-0800][8.138s] GC(6) Pause Young (Allocation Failure)
[2019-04-01T12:23:27.802-0800][8.138s] GC(6) Using 4 workers of 4 for evacuation
[2019-04-01T12:23:27.842-0800][8.178s] GC(6) ParNew: 109248K->21824K(109248K)
[2019-04-01T12:23:27.842-0800][8.178s] GC(6) CMS: 1808K->4033K(393216K)
[2019-04-01T12:23:27.842-0800][8.178s] GC(6) Metaspace: 41569K->41569K(1087488K)
[2019-04-01T12:23:27.842-0800][8.178s] GC(6) Pause Young (Allocation Failure) 108M->25M(490M) 39.904ms
[2019-04-01T12:23:27.842-0800][8.178s] GC(6) User=0.07s Sys=0.00s Real=0.04s
[2019-04-01T12:23:27.842-0800][8.178s] GC(7) Pause Initial Mark
[2019-04-01T12:23:27.848-0800][8.184s] GC(7) Pause Initial Mark 25M->25M(490M) 5.768ms
[2019-04-01T12:23:27.848-0800][8.184s] GC(7) User=0.02s Sys=0.00s Real=0.00s
[2019-04-01T12:23:27.848-0800][8.184s] GC(7) Concurrent Mark
[2019-04-01T12:23:27.848-0800][8.184s] GC(7) Using 4 workers of 4 for marking
[2019-04-01T12:23:27.859-0800][8.195s] GC(7) Concurrent Mark 10.679ms
[2019-04-01T12:23:27.859-0800][8.195s] GC(7) User=0.02s Sys=0.00s Real=0.01s
[2019-04-01T12:23:27.859-0800][8.195s] GC(7) Concurrent Preclean
[2019-04-01T12:23:27.859-0800][8.196s] GC(7) Concurrent Preclean 0.818ms
[2019-04-01T12:23:27.859-0800][8.196s] GC(7) User=0.01s Sys=0.00s Real=0.00s
[2019-04-01T12:23:27.860-0800][8.196s] GC(7) Pause Remark
[2019-04-01T12:23:27.860-0800][8.196s] GC(8) Pause Young (CMS Final Remark)
[2019-04-01T12:23:27.860-0800][8.196s] GC(8) Using 4 workers of 4 for evacuation
[2019-04-01T12:23:27.880-0800][8.216s] GC(8) ParNew: 23242K->21824K(109248K)
[2019-04-01T12:23:27.880-0800][8.216s] GC(8) CMS: 4033K->4033K(393216K)
[2019-04-01T12:23:27.880-0800][8.216s] GC(8) Metaspace: 41588K->41588K(1087488K)
[2019-04-01T12:23:27.880-0800][8.216s] GC(8) Pause Young (CMS Final Remark) 26M->25M(490M) 19.966ms
[2019-04-01T12:23:27.880-0800][8.216s] GC(8) User=0.05s Sys=0.00s Real=0.02s
[2019-04-01T12:23:27.906-0800][8.243s] GC(7) Pause Remark 26M->25M(490M) 46.806ms
[2019-04-01T12:23:27.906-0800][8.243s] GC(7) User=0.10s Sys=0.01s Real=0.04s
[2019-04-01T12:23:27.907-0800][8.243s] GC(7) Concurrent Sweep
[2019-04-01T12:23:27.909-0800][8.246s] GC(7) Concurrent Sweep 2.926ms
[2019-04-01T12:23:27.910-0800][8.246s] GC(7) User=0.01s Sys=0.00s Real=0.01s
[2019-04-01T12:23:27.910-0800][8.246s] GC(7) Concurrent Reset
[2019-04-01T12:23:27.911-0800][8.247s] GC(7) Concurrent Reset 0.987ms
[2019-04-01T12:23:27.911-0800][8.247s] GC(7) User=0.00s Sys=0.00s Real=0.00s
[2019-04-01T12:23:27.911-0800][8.247s] GC(7) Old: 4033K->3763K(393216K)
[2019-04-01T12:23:29.089-0800][9.426s] GC(9) Pause Young (Allocation Failure)
[2019-04-01T12:23:29.090-0800][9.426s] GC(9) Using 4 workers of 4 for evacuation
[2019-04-01T12:23:29.123-0800][9.460s] GC(9) ParNew: 109248K->21824K(109248K)
[2019-04-01T12:23:29.124-0800][9.460s] GC(9) CMS: 3763K->9995K(393216K)
[2019-04-01T12:23:29.124-0800][9.460s] GC(9) Metaspace: 45796K->45796K(1091584K)
[2019-04-01T12:23:29.124-0800][9.460s] GC(9) Pause Young (Allocation Failure) 110M->31M(490M) 34.118ms
[2019-04-01T12:23:29.124-0800][9.460s] GC(9) User=0.12s Sys=0.01s Real=0.04s
[2019-04-01T12:23:55.002-0800][35.338s] GC(10) Pause Young (Allocation Failure)
[2019-04-01T12:23:55.003-0800][35.339s] GC(10) Using 4 workers of 4 for evacuation
[2019-04-01T12:23:55.032-0800][35.367s] GC(10) ParNew: 109248K->21824K(109248K)
[2019-04-01T12:23:55.032-0800][35.368s] GC(10) CMS: 9995K->18889K(393216K)
[2019-04-01T12:23:55.032-0800][35.368s] GC(10) Metaspace: 48742K->48742K(1093632K)
[2019-04-01T12:23:55.032-0800][35.368s] GC(10) Pause Young (Allocation Failure) 116M->39M(490M) 30.050ms
[2019-04-01T12:23:55.032-0800][35.368s] GC(10) User=0.10s Sys=0.01s Real=0.03s
[2019-04-01T12:23:55.167-0800][35.503s] GC(11) Pause Young (Allocation Failure)
[2019-04-01T12:23:55.167-0800][35.503s] GC(11) Using 4 workers of 4 for evacuation
[2019-04-01T12:23:55.181-0800][35.517s] GC(11) ParNew: 109248K->19103K(109248K)
[2019-04-01T12:23:55.181-0800][35.517s] GC(11) CMS: 18889K->18890K(393216K)
[2019-04-01T12:23:55.181-0800][35.517s] GC(11) Metaspace: 48784K->48784K(1093632K)
[2019-04-01T12:23:55.181-0800][35.517s] GC(11) Pause Young (Allocation Failure) 125M->37M(490M) 14.177ms
[2019-04-01T12:23:55.182-0800][35.517s] GC(11) User=0.04s Sys=0.00s Real=0.02s
[2019-04-01T12:24:28.424-0800][68.759s] GC(12) Pause Young (Allocation Failure)
[2019-04-01T12:24:28.426-0800][68.760s] GC(12) Using 4 workers of 4 for evacuation
[2019-04-01T12:24:28.449-0800][68.783s] GC(12) ParNew: 106527K->21824K(109248K)
[2019-04-01T12:24:28.449-0800][68.783s] GC(12) CMS: 18890K->20957K(393216K)
[2019-04-01T12:24:28.449-0800][68.783s] GC(12) Metaspace: 49681K->49681K(1095680K)
[2019-04-01T12:24:28.449-0800][68.783s] GC(12) Pause Young (Allocation Failure) 122M->41M(490M) 24.198ms
[2019-04-01T12:24:28.449-0800][68.783s] GC(12) User=0.09s Sys=0.00s Real=0.02s
[2019-04-01T13:48:01.657-0800][2059.391s] GC(13) Pause Young (Allocation Failure)
[2019-04-01T13:48:01.658-0800][2059.392s] GC(13) Using 4 workers of 4 for evacuation
[2019-04-01T13:48:01.692-0800][2059.426s] GC(13) ParNew: 109248K->21824K(109248K)
[2019-04-01T13:48:01.692-0800][2059.426s] GC(13) CMS: 20957K->25704K(393216K)
[2019-04-01T13:48:01.692-0800][2059.426s] GC(13) Metaspace: 53013K->53013K(1097728K)
[2019-04-01T13:48:01.692-0800][2059.426s] GC(13) Pause Young (Allocation Failure) 127M->46M(490M) 35.354ms
[2019-04-01T13:48:01.692-0800][2059.426s] GC(13) User=0.08s Sys=0.00s Real=0.04s
[2019-04-01T20:06:52.849-0800][13723.680s] Heap
[2019-04-01T20:06:52.850-0800][13723.680s]  par new generation   total 109248K, used 109039K [0x00000007a0000000, 0x00000007a8000000, 0x00000007a8000000)
[2019-04-01T20:06:52.850-0800][13723.680s]   eden space 87424K,  99% used [0x00000007a0000000, 0x00000007a552bc18, 0x00000007a5560000)
[2019-04-01T20:06:52.850-0800][13723.680s]   from space 21824K, 100% used [0x00000007a5560000, 0x00000007a6ab0000, 0x00000007a6ab0000)
[2019-04-01T20:06:52.850-0800][13723.680s]   to   space 21824K,   0% used [0x00000007a6ab0000, 0x00000007a6ab0000, 0x00000007a8000000)
[2019-04-01T20:06:52.850-0800][13723.680s]  concurrent mark-sweep generation total 393216K, used 25704K [0x00000007a8000000, 0x00000007c0000000, 0x00000007c0000000)
[2019-04-01T20:06:52.850-0800][13723.680s]  Metaspace       used 54145K, capacity 55162K, committed 55728K, reserved 1099776K
[2019-04-01T20:06:52.850-0800][13723.680s]   class space    used 5860K, capacity 6328K, committed 6368K, reserved 1048576K
