[2019-04-01T10:42:14.657-0800][0.018s] Using Concurrent Mark Sweep
[2019-04-01T10:42:14.657-0800][0.018s] Heap address: 0x00000007a0000000, size: 512 MB, Compressed Oops mode: Zero based, Oop shift amount: 3
[2019-04-01T10:42:18.705-0800][4.066s] GC(0) Pause Initial Mark
[2019-04-01T10:42:18.723-0800][4.084s] GC(0) Pause Initial Mark 75M->75M(490M) 18.015ms
[2019-04-01T10:42:18.723-0800][4.084s] GC(0) User=0.05s Sys=0.00s Real=0.02s
[2019-04-01T10:42:18.723-0800][4.084s] GC(0) Concurrent Mark
[2019-04-01T10:42:18.723-0800][4.084s] GC(0) Using 4 workers of 4 for marking
[2019-04-01T10:42:18.723-0800][4.085s] GC(0) Concurrent Mark 0.280ms
[2019-04-01T10:42:18.723-0800][4.085s] GC(0) User=0.00s Sys=0.00s Real=0.00s
[2019-04-01T10:42:18.723-0800][4.085s] GC(0) Concurrent Preclean
[2019-04-01T10:42:18.724-0800][4.085s] GC(0) Concurrent Preclean 0.683ms
[2019-04-01T10:42:18.724-0800][4.085s] GC(0) User=0.00s Sys=0.00s Real=0.00s
[2019-04-01T10:42:18.724-0800][4.086s] GC(0) Concurrent Abortable Preclean
[2019-04-01T10:42:19.036-0800][4.398s] GC(1) Pause Young (Allocation Failure)
[2019-04-01T10:42:19.036-0800][4.398s] GC(1) Using 4 workers of 4 for evacuation
[2019-04-01T10:42:19.053-0800][4.414s] GC(1) ParNew: 87424K->11284K(109248K)
[2019-04-01T10:42:19.053-0800][4.414s] GC(1) CMS: 0K->0K(393216K)
[2019-04-01T10:42:19.053-0800][4.414s] GC(1) Metaspace: 24363K->24363K(1071104K)
[2019-04-01T10:42:19.053-0800][4.414s] GC(1) Pause Young (Allocation Failure) 85M->11M(490M) 16.816ms
[2019-04-01T10:42:19.053-0800][4.414s] GC(1) User=0.04s Sys=0.01s Real=0.02s
[2019-04-01T10:42:20.598-0800][5.959s] GC(0) Concurrent Abortable Preclean 1873.640ms
[2019-04-01T10:42:20.598-0800][5.959s] GC(0) User=3.92s Sys=0.15s Real=1.87s
[2019-04-01T10:42:20.599-0800][5.960s] GC(0) Pause Remark
[2019-04-01T10:42:20.599-0800][5.960s] GC(2) Pause Young (CMS Final Remark)
[2019-04-01T10:42:20.599-0800][5.960s] GC(2) Using 4 workers of 4 for evacuation
[2019-04-01T10:42:20.612-0800][5.973s] GC(2) ParNew: 56084K->15577K(109248K)
[2019-04-01T10:42:20.612-0800][5.973s] GC(2) CMS: 0K->0K(393216K)
[2019-04-01T10:42:20.612-0800][5.973s] GC(2) Metaspace: 29216K->29216K(1077248K)
[2019-04-01T10:42:20.612-0800][5.973s] GC(2) Pause Young (CMS Final Remark) 54M->15M(490M) 13.180ms
[2019-04-01T10:42:20.612-0800][5.973s] GC(2) User=0.04s Sys=0.01s Real=0.02s
[2019-04-01T10:42:20.630-0800][5.991s] GC(0) Pause Remark 54M->15M(490M) 31.017ms
[2019-04-01T10:42:20.630-0800][5.991s] GC(0) User=0.06s Sys=0.01s Real=0.04s
[2019-04-01T10:42:20.630-0800][5.992s] GC(0) Concurrent Sweep
[2019-04-01T10:42:20.630-0800][5.992s] GC(0) Concurrent Sweep 0.059ms
[2019-04-01T10:42:20.630-0800][5.992s] GC(0) User=0.00s Sys=0.00s Real=0.00s
[2019-04-01T10:42:20.630-0800][5.992s] GC(0) Concurrent Reset
[2019-04-01T10:42:20.635-0800][5.996s] GC(0) Concurrent Reset 4.622ms
[2019-04-01T10:42:20.635-0800][5.996s] GC(0) User=0.01s Sys=0.00s Real=0.00s
[2019-04-01T10:42:20.635-0800][5.996s] GC(0) Old: 0K->0K(393216K)
[2019-04-01T10:42:22.857-0800][8.218s] GC(3) Pause Young (Allocation Failure)
[2019-04-01T10:42:22.857-0800][8.218s] GC(3) Using 4 workers of 4 for evacuation
[2019-04-01T10:42:22.885-0800][8.247s] GC(3) ParNew: 103001K->21824K(109248K)
[2019-04-01T10:42:22.885-0800][8.247s] GC(3) CMS: 0K->0K(393216K)
[2019-04-01T10:42:22.886-0800][8.247s] GC(3) Metaspace: 36326K->36326K(1083392K)
[2019-04-01T10:42:22.886-0800][8.247s] GC(3) Pause Young (Allocation Failure) 100M->21M(490M) 28.614ms
[2019-04-01T10:42:22.886-0800][8.247s] GC(3) User=0.07s Sys=0.01s Real=0.03s
[2019-04-01T10:42:23.681-0800][9.043s] GC(4) Pause Young (Allocation Failure)
[2019-04-01T10:42:23.681-0800][9.043s] GC(4) Using 4 workers of 4 for evacuation
[2019-04-01T10:42:23.701-0800][9.063s] GC(4) ParNew: 109245K->21824K(109248K)
[2019-04-01T10:42:23.701-0800][9.063s] GC(4) CMS: 0K->663K(393216K)
[2019-04-01T10:42:23.701-0800][9.063s] GC(4) Metaspace: 38414K->38414K(1085440K)
[2019-04-01T10:42:23.701-0800][9.063s] GC(4) Pause Young (Allocation Failure) 106M->21M(490M) 20.215ms
[2019-04-01T10:42:23.701-0800][9.063s] GC(4) User=0.06s Sys=0.01s Real=0.02s
[2019-04-01T10:42:24.117-0800][9.478s] GC(5) Pause Young (Allocation Failure)
[2019-04-01T10:42:24.117-0800][9.478s] GC(5) Using 4 workers of 4 for evacuation
[2019-04-01T10:42:24.145-0800][9.506s] GC(5) ParNew: 109248K->18467K(109248K)
[2019-04-01T10:42:24.145-0800][9.507s] GC(5) CMS: 663K->11675K(393216K)
[2019-04-01T10:42:24.145-0800][9.507s] GC(5) Metaspace: 39110K->39110K(1085440K)
[2019-04-01T10:42:24.145-0800][9.507s] GC(5) Pause Young (Allocation Failure) 107M->29M(490M) 28.570ms
[2019-04-01T10:42:24.145-0800][9.507s] GC(5) User=0.08s Sys=0.01s Real=0.03s
[2019-04-01T10:42:25.608-0800][10.970s] GC(6) Pause Young (Allocation Failure)
[2019-04-01T10:42:25.608-0800][10.970s] GC(6) Using 4 workers of 4 for evacuation
[2019-04-01T10:42:25.619-0800][10.980s] GC(6) ParNew: 105891K->15683K(109248K)
[2019-04-01T10:42:25.619-0800][10.980s] GC(6) CMS: 11675K->11675K(393216K)
[2019-04-01T10:42:25.619-0800][10.981s] GC(6) Metaspace: 43460K->43460K(1089536K)
[2019-04-01T10:42:25.619-0800][10.981s] GC(6) Pause Young (Allocation Failure) 114M->26M(490M) 10.860ms
[2019-04-01T10:42:25.619-0800][10.981s] GC(6) User=0.04s Sys=0.00s Real=0.01s
[2019-04-01T10:43:41.650-0800][87.012s] GC(7) Pause Initial Mark
[2019-04-01T10:43:41.663-0800][87.024s] GC(7) Pause Initial Mark 91M->91M(490M) 12.353ms
[2019-04-01T10:43:41.663-0800][87.024s] GC(7) User=0.03s Sys=0.00s Real=0.01s
[2019-04-01T10:43:41.663-0800][87.024s] GC(7) Concurrent Mark
[2019-04-01T10:43:41.663-0800][87.024s] GC(7) Using 4 workers of 4 for marking
[2019-04-01T10:43:41.671-0800][87.033s] GC(7) Concurrent Mark 8.661ms
[2019-04-01T10:43:41.671-0800][87.033s] GC(7) User=0.03s Sys=0.00s Real=0.01s
[2019-04-01T10:43:41.671-0800][87.033s] GC(7) Concurrent Preclean
[2019-04-01T10:43:41.673-0800][87.034s] GC(7) Concurrent Preclean 1.070ms
[2019-04-01T10:43:41.673-0800][87.034s] GC(7) User=0.00s Sys=0.00s Real=0.00s
[2019-04-01T10:43:41.673-0800][87.034s] GC(7) Concurrent Abortable Preclean
[2019-04-01T10:43:47.826-0800][93.187s] GC(7) Concurrent Abortable Preclean 6153.206ms
[2019-04-01T10:43:47.856-0800][93.217s] GC(7) User=2.41s Sys=0.04s Real=6.18s
[2019-04-01T10:43:47.856-0800][93.218s] GC(7) Pause Remark
[2019-04-01T10:43:47.856-0800][93.218s] GC(8) Pause Young (CMS Final Remark)
[2019-04-01T10:43:47.856-0800][93.218s] GC(8) Using 4 workers of 4 for evacuation
[2019-04-01T10:43:47.878-0800][93.240s] GC(8) ParNew: 82023K->21824K(109248K)
[2019-04-01T10:43:47.878-0800][93.240s] GC(8) CMS: 11675K->11675K(393216K)
[2019-04-01T10:43:47.878-0800][93.240s] GC(8) Metaspace: 49059K->49059K(1093632K)
[2019-04-01T10:43:47.878-0800][93.240s] GC(8) Pause Young (CMS Final Remark) 91M->32M(490M) 22.236ms
[2019-04-01T10:43:47.878-0800][93.240s] GC(8) User=0.06s Sys=0.00s Real=0.02s
[2019-04-01T10:43:47.909-0800][93.270s] GC(7) Pause Remark 91M->32M(490M) 52.837ms
[2019-04-01T10:43:47.909-0800][93.270s] GC(7) User=0.11s Sys=0.00s Real=0.05s
[2019-04-01T10:43:47.909-0800][93.270s] GC(7) Concurrent Sweep
[2019-04-01T10:43:47.913-0800][93.274s] GC(7) Concurrent Sweep 3.821ms
[2019-04-01T10:43:47.913-0800][93.274s] GC(7) User=0.01s Sys=0.00s Real=0.01s
[2019-04-01T10:43:47.913-0800][93.274s] GC(7) Concurrent Reset
[2019-04-01T10:43:47.914-0800][93.275s] GC(7) Concurrent Reset 0.787ms
[2019-04-01T10:43:47.914-0800][93.275s] GC(7) User=0.00s Sys=0.00s Real=0.00s
[2019-04-01T10:43:47.914-0800][93.275s] GC(7) Old: 11675K->11645K(393216K)
[2019-04-01T12:22:37.822-0800][3986.297s] Heap
[2019-04-01T12:22:37.822-0800][3986.297s]  par new generation   total 109248K, used 61092K [0x00000007a0000000, 0x00000007a8000000, 0x00000007a8000000)
[2019-04-01T12:22:37.822-0800][3986.298s]   eden space 87424K,  44% used [0x00000007a0000000, 0x00000007a2659390, 0x00000007a5560000)
[2019-04-01T12:22:37.822-0800][3986.298s]   from space 21824K, 100% used [0x00000007a6ab0000, 0x00000007a8000000, 0x00000007a8000000)
[2019-04-01T12:22:37.822-0800][3986.298s]   to   space 21824K,   0% used [0x00000007a5560000, 0x00000007a5560000, 0x00000007a6ab0000)
[2019-04-01T12:22:37.822-0800][3986.298s]  concurrent mark-sweep generation total 393216K, used 11645K [0x00000007a8000000, 0x00000007c0000000, 0x00000007c0000000)
[2019-04-01T12:22:37.822-0800][3986.298s]  Metaspace       used 50510K, capacity 51521K, committed 52100K, reserved 1095680K
[2019-04-01T12:22:37.822-0800][3986.298s]   class space    used 5633K, capacity 6020K, committed 6080K, reserved 1048576K
