[2019-04-06T14:31:27.751+0800][0.016s] Using Concurrent Mark Sweep
[2019-04-06T14:31:27.752+0800][0.016s] Heap address: 0x00000000e0000000, size: 512 MB, Compressed Oops mode: 32-bit
[2019-04-06T14:31:31.782+0800][4.047s] GC(0) Pause Initial Mark
[2019-04-06T14:31:31.795+0800][4.060s] GC(0) Pause Initial Mark 75M->75M(490M) 13.185ms
[2019-04-06T14:31:31.795+0800][4.060s] GC(0) User=0.00s Sys=0.00s Real=0.01s
[2019-04-06T14:31:31.795+0800][4.060s] GC(0) Concurrent Mark
[2019-04-06T14:31:31.795+0800][4.060s] GC(0) Using 4 workers of 4 for marking
[2019-04-06T14:31:31.795+0800][4.060s] GC(0) Concurrent Mark 0.398ms
[2019-04-06T14:31:31.796+0800][4.060s] GC(0) User=0.00s Sys=0.00s Real=0.00s
[2019-04-06T14:31:31.796+0800][4.060s] GC(0) Concurrent Preclean
[2019-04-06T14:31:31.798+0800][4.063s] GC(0) Concurrent Preclean 2.351ms
[2019-04-06T14:31:31.798+0800][4.063s] GC(0) User=0.02s Sys=0.00s Real=0.00s
[2019-04-06T14:31:31.798+0800][4.063s] GC(0) Concurrent Abortable Preclean
[2019-04-06T14:31:36.335+0800][8.599s] GC(1) Pause Young (Allocation Failure)
[2019-04-06T14:31:36.335+0800][8.600s] GC(1) Using 4 workers of 4 for evacuation
[2019-04-06T14:31:36.343+0800][8.608s] GC(1) ParNew: 87424K->9005K(109248K)
[2019-04-06T14:31:36.343+0800][8.608s] GC(1) CMS: 0K->0K(393216K)
[2019-04-06T14:31:36.343+0800][8.608s] GC(1) Metaspace: 22858K->22858K(1071104K)
[2019-04-06T14:31:36.343+0800][8.608s] GC(1) Pause Young (Allocation Failure) 85M->8M(490M) 8.356ms
[2019-04-06T14:31:36.343+0800][8.608s] GC(1) User=0.00s Sys=0.00s Real=0.01s
[2019-04-06T14:31:37.285+0800][9.549s] GC(0) Concurrent Abortable Preclean 5485.803ms
[2019-04-06T14:31:37.285+0800][9.549s] GC(0) User=2.64s Sys=0.31s Real=5.49s
[2019-04-06T14:31:37.285+0800][9.549s] GC(0) Pause Remark
[2019-04-06T14:31:37.285+0800][9.549s] GC(2) Pause Young (CMS Final Remark)
[2019-04-06T14:31:37.285+0800][9.549s] GC(2) Using 4 workers of 4 for evacuation
[2019-04-06T14:31:37.292+0800][9.556s] GC(2) ParNew: 62794K->14444K(109248K)
[2019-04-06T14:31:37.292+0800][9.557s] GC(2) CMS: 0K->0K(393216K)
[2019-04-06T14:31:37.292+0800][9.557s] GC(2) Metaspace: 27481K->27481K(1075200K)
[2019-04-06T14:31:37.292+0800][9.557s] GC(2) Pause Young (CMS Final Remark) 61M->14M(490M) 7.714ms
[2019-04-06T14:31:37.292+0800][9.557s] GC(2) User=0.00s Sys=0.00s Real=0.01s
[2019-04-06T14:31:37.297+0800][9.561s] GC(0) Pause Remark 61M->14M(490M) 12.685ms
[2019-04-06T14:31:37.297+0800][9.562s] GC(0) User=0.00s Sys=0.00s Real=0.01s
[2019-04-06T14:31:37.298+0800][9.562s] GC(0) Concurrent Sweep
[2019-04-06T14:31:37.298+0800][9.562s] GC(0) Concurrent Sweep 0.047ms
[2019-04-06T14:31:37.298+0800][9.562s] GC(0) User=0.00s Sys=0.00s Real=0.00s
[2019-04-06T14:31:37.298+0800][9.562s] GC(0) Concurrent Reset
[2019-04-06T14:31:37.302+0800][9.566s] GC(0) Concurrent Reset 3.778ms
[2019-04-06T14:31:37.302+0800][9.566s] GC(0) User=0.00s Sys=0.00s Real=0.00s
[2019-04-06T14:31:37.302+0800][9.566s] GC(0) Old: 0K->0K(393216K)
[2019-04-06T14:31:38.241+0800][10.505s] GC(3) Pause Young (Allocation Failure)
[2019-04-06T14:31:38.241+0800][10.505s] GC(3) Using 4 workers of 4 for evacuation
[2019-04-06T14:31:38.249+0800][10.514s] GC(3) ParNew: 101868K->19108K(109248K)
[2019-04-06T14:31:38.249+0800][10.514s] GC(3) CMS: 0K->0K(393216K)
[2019-04-06T14:31:38.250+0800][10.514s] GC(3) Metaspace: 35739K->35739K(1081344K)
[2019-04-06T14:31:38.250+0800][10.514s] GC(3) Pause Young (Allocation Failure) 99M->18M(490M) 8.724ms
[2019-04-06T14:31:38.250+0800][10.514s] GC(3) User=0.00s Sys=0.00s Real=0.01s
[2019-04-06T14:31:42.097+0800][14.361s] GC(4) Pause Young (Allocation Failure)
[2019-04-06T14:31:42.097+0800][14.361s] GC(4) Using 4 workers of 4 for evacuation
[2019-04-06T14:31:42.107+0800][14.372s] GC(4) ParNew: 106532K->21824K(109248K)
[2019-04-06T14:31:42.108+0800][14.372s] GC(4) CMS: 0K->239K(393216K)
[2019-04-06T14:31:42.108+0800][14.372s] GC(4) Metaspace: 38749K->38749K(1085440K)
[2019-04-06T14:31:42.108+0800][14.372s] GC(4) Pause Young (Allocation Failure) 104M->21M(490M) 10.644ms
[2019-04-06T14:31:42.108+0800][14.372s] GC(4) User=0.00s Sys=0.00s Real=0.01s
[2019-04-06T14:31:42.261+0800][14.526s] GC(5) Pause Young (Allocation Failure)
[2019-04-06T14:31:42.261+0800][14.526s] GC(5) Using 4 workers of 4 for evacuation
[2019-04-06T14:31:42.276+0800][14.541s] GC(5) ParNew: 109248K->21824K(109248K)
[2019-04-06T14:31:42.276+0800][14.541s] GC(5) CMS: 239K->9292K(393216K)
[2019-04-06T14:31:42.277+0800][14.541s] GC(5) Metaspace: 40249K->40249K(1085440K)
[2019-04-06T14:31:42.277+0800][14.541s] GC(5) Pause Young (Allocation Failure) 106M->30M(490M) 15.419ms
[2019-04-06T14:31:42.277+0800][14.541s] GC(5) User=0.05s Sys=0.02s Real=0.02s
[2019-04-06T14:31:42.331+0800][14.596s] GC(6) Pause Young (Allocation Failure)
[2019-04-06T14:31:42.331+0800][14.596s] GC(6) Using 4 workers of 4 for evacuation
[2019-04-06T14:31:42.338+0800][14.602s] GC(6) ParNew: 109248K->18822K(109248K)
[2019-04-06T14:31:42.338+0800][14.602s] GC(6) CMS: 9292K->9292K(393216K)
[2019-04-06T14:31:42.338+0800][14.602s] GC(6) Metaspace: 40577K->40577K(1085440K)
[2019-04-06T14:31:42.338+0800][14.602s] GC(6) Pause Young (Allocation Failure) 115M->27M(490M) 5.928ms
[2019-04-06T14:31:42.338+0800][14.602s] GC(6) User=0.00s Sys=0.00s Real=0.01s
[2019-04-06T14:31:42.392+0800][14.657s] GC(7) Pause Young (Allocation Failure)
[2019-04-06T14:31:42.393+0800][14.657s] GC(7) Using 4 workers of 4 for evacuation
[2019-04-06T14:31:42.398+0800][14.663s] GC(7) ParNew: 106246K->19274K(109248K)
[2019-04-06T14:31:42.399+0800][14.663s] GC(7) CMS: 9292K->9292K(393216K)
[2019-04-06T14:31:42.399+0800][14.663s] GC(7) Metaspace: 40756K->40756K(1085440K)
[2019-04-06T14:31:42.399+0800][14.663s] GC(7) Pause Young (Allocation Failure) 112M->27M(490M) 6.081ms
[2019-04-06T14:31:42.399+0800][14.663s] GC(7) User=0.00s Sys=0.00s Real=0.01s
[2019-04-06T14:31:42.619+0800][14.883s] GC(8) Pause Young (Allocation Failure)
[2019-04-06T14:31:42.619+0800][14.883s] GC(8) Using 4 workers of 4 for evacuation
[2019-04-06T14:31:42.625+0800][14.889s] GC(8) ParNew: 106698K->18854K(109248K)
[2019-04-06T14:31:42.625+0800][14.889s] GC(8) CMS: 9292K->9292K(393216K)
[2019-04-06T14:31:42.625+0800][14.889s] GC(8) Metaspace: 42469K->42469K(1087488K)
[2019-04-06T14:31:42.625+0800][14.889s] GC(8) Pause Young (Allocation Failure) 113M->27M(490M) 6.626ms
[2019-04-06T14:31:42.625+0800][14.889s] GC(8) User=0.00s Sys=0.00s Real=0.01s
[2019-04-06T14:31:43.138+0800][15.403s] GC(9) Pause Young (Allocation Failure)
[2019-04-06T14:31:43.138+0800][15.403s] GC(9) Using 4 workers of 4 for evacuation
[2019-04-06T14:31:43.146+0800][15.411s] GC(9) ParNew: 106278K->18655K(109248K)
[2019-04-06T14:31:43.146+0800][15.411s] GC(9) CMS: 9292K->9292K(393216K)
[2019-04-06T14:31:43.146+0800][15.411s] GC(9) Metaspace: 45394K->45394K(1089536K)
[2019-04-06T14:31:43.146+0800][15.411s] GC(9) Pause Young (Allocation Failure) 112M->27M(490M) 8.600ms
[2019-04-06T14:31:43.146+0800][15.411s] GC(9) User=0.08s Sys=0.00s Real=0.01s
[2019-04-06T14:31:43.490+0800][15.755s] GC(10) Pause Young (Allocation Failure)
[2019-04-06T14:31:43.490+0800][15.755s] GC(10) Using 4 workers of 4 for evacuation
[2019-04-06T14:31:43.515+0800][15.780s] GC(10) ParNew: 106079K->21824K(109248K)
[2019-04-06T14:31:43.515+0800][15.780s] GC(10) CMS: 9292K->21082K(393216K)
[2019-04-06T14:31:43.515+0800][15.780s] GC(10) Metaspace: 49019K->49019K(1093632K)
[2019-04-06T14:31:43.516+0800][15.780s] GC(10) Pause Young (Allocation Failure) 112M->41M(490M) 25.089ms
[2019-04-06T14:31:43.516+0800][15.780s] GC(10) User=0.09s Sys=0.00s Real=0.03s
[2019-04-06T14:31:43.516+0800][15.781s] GC(11) Pause Initial Mark
[2019-04-06T14:31:43.519+0800][15.784s] GC(11) Pause Initial Mark 43M->43M(490M) 3.310ms
[2019-04-06T14:31:43.519+0800][15.784s] GC(11) User=0.00s Sys=0.00s Real=0.00s
[2019-04-06T14:31:43.519+0800][15.784s] GC(11) Concurrent Mark
[2019-04-06T14:31:43.519+0800][15.784s] GC(11) Using 4 workers of 4 for marking
[2019-04-06T14:31:43.531+0800][15.796s] GC(11) Concurrent Mark 11.726ms
[2019-04-06T14:31:43.531+0800][15.796s] GC(11) User=0.00s Sys=0.00s Real=0.01s
[2019-04-06T14:31:43.531+0800][15.796s] GC(11) Concurrent Preclean
[2019-04-06T14:31:43.532+0800][15.797s] GC(11) Concurrent Preclean 0.973ms
[2019-04-06T14:31:43.532+0800][15.797s] GC(11) User=0.08s Sys=0.00s Real=0.00s
[2019-04-06T14:31:43.532+0800][15.797s] GC(11) Pause Remark
[2019-04-06T14:31:43.532+0800][15.797s] GC(12) Pause Young (CMS Final Remark)
[2019-04-06T14:31:43.532+0800][15.797s] GC(12) Using 4 workers of 4 for evacuation
[2019-04-06T14:31:43.547+0800][15.812s] GC(12) ParNew: 23470K->21824K(109248K)
[2019-04-06T14:31:43.547+0800][15.812s] GC(12) CMS: 21082K->25118K(393216K)
[2019-04-06T14:31:43.547+0800][15.812s] GC(12) Metaspace: 49100K->49100K(1093632K)
[2019-04-06T14:31:43.547+0800][15.812s] GC(12) Pause Young (CMS Final Remark) 43M->45M(490M) 14.715ms
[2019-04-06T14:31:43.547+0800][15.812s] GC(12) User=0.00s Sys=0.00s Real=0.01s
[2019-04-06T14:31:43.557+0800][15.822s] GC(11) Pause Remark 43M->45M(490M) 24.689ms
[2019-04-06T14:31:43.557+0800][15.822s] GC(11) User=0.06s Sys=0.00s Real=0.02s
[2019-04-06T14:31:43.557+0800][15.822s] GC(11) Concurrent Sweep
[2019-04-06T14:31:43.565+0800][15.829s] GC(11) Concurrent Sweep 7.493ms
[2019-04-06T14:31:43.565+0800][15.829s] GC(11) User=0.08s Sys=0.00s Real=0.01s
[2019-04-06T14:31:43.565+0800][15.830s] GC(11) Concurrent Reset
[2019-04-06T14:31:43.566+0800][15.831s] GC(11) Concurrent Reset 1.155ms
[2019-04-06T14:31:43.566+0800][15.831s] GC(11) User=0.00s Sys=0.00s Real=0.00s
[2019-04-06T14:31:43.566+0800][15.831s] GC(11) Old: 21082K->25102K(393216K)
[2019-04-06T15:37:56.170+0800][3988.435s] GC(13) Pause Young (Allocation Failure)
[2019-04-06T15:37:56.170+0800][3988.435s] GC(13) Using 4 workers of 4 for evacuation
[2019-04-06T15:37:56.206+0800][3988.471s] GC(13) ParNew: 109248K->21824K(109248K)
[2019-04-06T15:37:56.206+0800][3988.471s] GC(13) CMS: 25102K->30619K(393216K)
[2019-04-06T15:37:56.206+0800][3988.471s] GC(13) Metaspace: 52850K->52850K(1097728K)
[2019-04-06T15:37:56.206+0800][3988.471s] GC(13) Pause Young (Allocation Failure) 131M->51M(490M) 35.879ms
[2019-04-06T15:37:56.206+0800][3988.471s] GC(13) User=0.09s Sys=0.09s Real=0.04s
[2019-04-06T15:37:56.237+0800][3988.502s] Heap
[2019-04-06T15:37:56.238+0800][3988.502s]  par new generation   total 109248K, used 29585K [0x00000000e0000000, 0x00000000e8000000, 0x00000000e8000000)
[2019-04-06T15:37:56.238+0800][3988.502s]   eden space 87424K,   8% used [0x00000000e0000000, 0x00000000e0794740, 0x00000000e5560000)
[2019-04-06T15:37:56.238+0800][3988.502s]   from space 21824K, 100% used [0x00000000e5560000, 0x00000000e6ab0000, 0x00000000e6ab0000)
[2019-04-06T15:37:56.238+0800][3988.502s]   to   space 21824K,   0% used [0x00000000e6ab0000, 0x00000000e6ab0000, 0x00000000e8000000)
[2019-04-06T15:37:56.238+0800][3988.502s]  concurrent mark-sweep generation total 393216K, used 30619K [0x00000000e8000000, 0x0000000100000000, 0x0000000100000000)
[2019-04-06T15:37:56.238+0800][3988.502s]  Metaspace       used 53073K, capacity 54255K, committed 54484K, reserved 1097728K
[2019-04-06T15:37:56.238+0800][3988.502s]   class space    used 5998K, capacity 6473K, committed 6504K, reserved 1048576K
