[2019-03-30T21:32:29.076-0800][0.042s] Using Concurrent Mark Sweep
[2019-03-30T21:32:29.076-0800][0.042s] Heap address: 0x00000007a0000000, size: 512 MB, Compressed Oops mode: Zero based, Oop shift amount: 3
[2019-03-30T21:32:33.141-0800][4.107s] GC(0) Pause Initial Mark
[2019-03-30T21:32:33.154-0800][4.121s] GC(0) Pause Initial Mark 61M->61M(490M) 13.730ms
[2019-03-30T21:32:33.154-0800][4.121s] GC(0) User=0.03s Sys=0.00s Real=0.01s
[2019-03-30T21:32:33.155-0800][4.121s] GC(0) Concurrent Mark
[2019-03-30T21:32:33.155-0800][4.121s] GC(0) Using 4 workers of 4 for marking
[2019-03-30T21:32:33.155-0800][4.121s] GC(0) Concurrent Mark 0.452ms
[2019-03-30T21:32:33.155-0800][4.121s] GC(0) User=0.00s Sys=0.00s Real=0.00s
[2019-03-30T21:32:33.155-0800][4.121s] GC(0) Concurrent Preclean
[2019-03-30T21:32:33.156-0800][4.122s] GC(0) Concurrent Preclean 0.714ms
[2019-03-30T21:32:33.156-0800][4.122s] GC(0) User=0.00s Sys=0.00s Real=0.00s
[2019-03-30T21:32:33.156-0800][4.122s] GC(0) Concurrent Abortable Preclean
[2019-03-30T21:32:33.831-0800][4.797s] GC(1) Pause Young (Allocation Failure)
[2019-03-30T21:32:33.831-0800][4.797s] GC(1) Using 4 workers of 4 for evacuation
[2019-03-30T21:32:33.856-0800][4.822s] GC(1) ParNew: 87424K->11229K(109248K)
[2019-03-30T21:32:33.856-0800][4.822s] GC(1) CMS: 0K->0K(393216K)
[2019-03-30T21:32:33.856-0800][4.822s] GC(1) Metaspace: 24257K->24257K(1071104K)
[2019-03-30T21:32:33.856-0800][4.822s] GC(1) Pause Young (Allocation Failure) 85M->10M(490M) 24.884ms
[2019-03-30T21:32:33.856-0800][4.822s] GC(1) User=0.04s Sys=0.01s Real=0.02s
[2019-03-30T21:32:34.881-0800][5.847s] GC(0) Concurrent Abortable Preclean 1725.429ms
[2019-03-30T21:32:34.881-0800][5.848s] GC(0) User=3.69s Sys=0.19s Real=1.73s
[2019-03-30T21:32:34.882-0800][5.848s] GC(0) Pause Remark
[2019-03-30T21:32:34.882-0800][5.848s] GC(2) Pause Young (CMS Final Remark)
[2019-03-30T21:32:34.882-0800][5.848s] GC(2) Using 4 workers of 4 for evacuation
[2019-03-30T21:32:34.896-0800][5.862s] GC(2) ParNew: 58991K->15390K(109248K)
[2019-03-30T21:32:34.896-0800][5.862s] GC(2) CMS: 0K->0K(393216K)
[2019-03-30T21:32:34.896-0800][5.863s] GC(2) Metaspace: 28013K->28013K(1075200K)
[2019-03-30T21:32:34.896-0800][5.863s] GC(2) Pause Young (CMS Final Remark) 57M->15M(490M) 14.787ms
[2019-03-30T21:32:34.896-0800][5.863s] GC(2) User=0.04s Sys=0.00s Real=0.01s
[2019-03-30T21:32:34.909-0800][5.875s] GC(0) Pause Remark 57M->15M(490M) 27.813ms
[2019-03-30T21:32:34.909-0800][5.876s] GC(0) User=0.06s Sys=0.00s Real=0.02s
[2019-03-30T21:32:34.909-0800][5.876s] GC(0) Concurrent Sweep
[2019-03-30T21:32:34.910-0800][5.876s] GC(0) Concurrent Sweep 0.087ms
[2019-03-30T21:32:34.910-0800][5.876s] GC(0) User=0.00s Sys=0.00s Real=0.01s
[2019-03-30T21:32:34.910-0800][5.876s] GC(0) Concurrent Reset
[2019-03-30T21:32:34.916-0800][5.882s] GC(0) Concurrent Reset 5.935ms
[2019-03-30T21:32:34.916-0800][5.882s] GC(0) User=0.01s Sys=0.01s Real=0.00s
[2019-03-30T21:32:34.916-0800][5.882s] GC(0) Old: 0K->0K(393216K)
[2019-03-30T21:32:37.244-0800][8.210s] GC(3) Pause Young (Allocation Failure)
[2019-03-30T21:32:37.244-0800][8.210s] GC(3) Using 4 workers of 4 for evacuation
[2019-03-30T21:32:37.271-0800][8.237s] GC(3) ParNew: 102810K->21626K(109248K)
[2019-03-30T21:32:37.271-0800][8.237s] GC(3) CMS: 0K->0K(393216K)
[2019-03-30T21:32:37.271-0800][8.237s] GC(3) Metaspace: 36242K->36242K(1083392K)
[2019-03-30T21:32:37.271-0800][8.237s] GC(3) Pause Young (Allocation Failure) 100M->21M(490M) 27.139ms
[2019-03-30T21:32:37.271-0800][8.237s] GC(3) User=0.06s Sys=0.01s Real=0.03s
[2019-03-30T21:32:38.034-0800][9.000s] GC(4) Pause Young (Allocation Failure)
[2019-03-30T21:32:38.034-0800][9.000s] GC(4) Using 4 workers of 4 for evacuation
[2019-03-30T21:32:38.061-0800][9.027s] GC(4) ParNew: 109050K->21824K(109248K)
[2019-03-30T21:32:38.062-0800][9.028s] GC(4) CMS: 0K->164K(393216K)
[2019-03-30T21:32:38.062-0800][9.028s] GC(4) Metaspace: 38308K->38308K(1085440K)
[2019-03-30T21:32:38.062-0800][9.028s] GC(4) Pause Young (Allocation Failure) 106M->21M(490M) 27.783ms
[2019-03-30T21:32:38.062-0800][9.028s] GC(4) User=0.06s Sys=0.01s Real=0.03s
[2019-03-30T21:32:38.447-0800][9.413s] GC(5) Pause Young (Allocation Failure)
[2019-03-30T21:32:38.447-0800][9.413s] GC(5) Using 4 workers of 4 for evacuation
[2019-03-30T21:32:38.500-0800][9.466s] GC(5) ParNew: 109248K->18834K(109248K)
[2019-03-30T21:32:38.500-0800][9.467s] GC(5) CMS: 164K->11471K(393216K)
[2019-03-30T21:32:38.500-0800][9.467s] GC(5) Metaspace: 38752K->38752K(1085440K)
[2019-03-30T21:32:38.501-0800][9.467s] GC(5) Pause Young (Allocation Failure) 106M->29M(490M) 53.506ms
[2019-03-30T21:32:38.501-0800][9.467s] GC(5) User=0.10s Sys=0.02s Real=0.06s
[2019-03-30T21:32:40.194-0800][11.160s] GC(6) Pause Young (Allocation Failure)
[2019-03-30T21:32:40.194-0800][11.160s] GC(6) Using 4 workers of 4 for evacuation
[2019-03-30T21:32:40.216-0800][11.182s] GC(6) ParNew: 106258K->16365K(109248K)
[2019-03-30T21:32:40.216-0800][11.182s] GC(6) CMS: 11471K->11471K(393216K)
[2019-03-30T21:32:40.216-0800][11.182s] GC(6) Metaspace: 43346K->43346K(1089536K)
[2019-03-30T21:32:40.216-0800][11.182s] GC(6) Pause Young (Allocation Failure) 114M->27M(490M) 22.038ms
[2019-03-30T21:32:40.216-0800][11.182s] GC(6) User=0.05s Sys=0.00s Real=0.02s
[2019-03-30T21:32:46.225-0800][17.191s] GC(7) Pause Initial Mark
[2019-03-30T21:32:46.238-0800][17.204s] GC(7) Pause Initial Mark 103M->103M(490M) 13.330ms
[2019-03-30T21:32:46.238-0800][17.204s] GC(7) User=0.05s Sys=0.00s Real=0.01s
[2019-03-30T21:32:46.238-0800][17.204s] GC(7) Concurrent Mark
[2019-03-30T21:32:46.238-0800][17.204s] GC(7) Using 4 workers of 4 for marking
[2019-03-30T21:32:46.248-0800][17.213s] GC(7) Concurrent Mark 9.278ms
[2019-03-30T21:32:46.248-0800][17.214s] GC(7) User=0.03s Sys=0.00s Real=0.01s
[2019-03-30T21:32:46.248-0800][17.214s] GC(7) Concurrent Preclean
[2019-03-30T21:32:46.249-0800][17.215s] GC(7) Concurrent Preclean 1.450ms
[2019-03-30T21:32:46.249-0800][17.215s] GC(7) User=0.00s Sys=0.00s Real=0.00s
[2019-03-30T21:32:46.249-0800][17.215s] GC(7) Concurrent Abortable Preclean
[2019-03-30T21:32:52.334-0800][23.300s] GC(7) Concurrent Abortable Preclean 6084.638ms
[2019-03-30T21:32:52.334-0800][23.300s] GC(7) User=3.32s Sys=0.06s Real=6.09s
[2019-03-30T21:32:52.334-0800][23.300s] GC(7) Pause Remark
[2019-03-30T21:32:52.334-0800][23.300s] GC(8) Pause Young (CMS Final Remark)
[2019-03-30T21:32:52.334-0800][23.300s] GC(8) Using 4 workers of 4 for evacuation
[2019-03-30T21:32:52.353-0800][23.318s] GC(8) ParNew: 97669K->21824K(109248K)
[2019-03-30T21:32:52.353-0800][23.318s] GC(8) CMS: 11471K->11878K(393216K)
[2019-03-30T21:32:52.353-0800][23.318s] GC(8) Metaspace: 48972K->48972K(1093632K)
[2019-03-30T21:32:52.353-0800][23.318s] GC(8) Pause Young (CMS Final Remark) 106M->32M(490M) 18.387ms
[2019-03-30T21:32:52.353-0800][23.318s] GC(8) User=0.07s Sys=0.00s Real=0.02s
[2019-03-30T21:32:52.381-0800][23.347s] GC(7) Pause Remark 106M->32M(490M) 46.840ms
[2019-03-30T21:32:52.381-0800][23.347s] GC(7) User=0.11s Sys=0.00s Real=0.05s
[2019-03-30T21:32:52.381-0800][23.347s] GC(7) Concurrent Sweep
[2019-03-30T21:32:52.385-0800][23.350s] GC(7) Concurrent Sweep 3.296ms
[2019-03-30T21:32:52.385-0800][23.350s] GC(7) User=0.01s Sys=0.00s Real=0.00s
[2019-03-30T21:32:52.385-0800][23.350s] GC(7) Concurrent Reset
[2019-03-30T21:32:52.390-0800][23.355s] GC(7) Concurrent Reset 4.848ms
[2019-03-30T21:32:52.390-0800][23.355s] GC(7) User=0.00s Sys=0.01s Real=0.01s
[2019-03-30T21:32:52.390-0800][23.355s] GC(7) Old: 11471K->11849K(393216K)
[2019-03-30T23:25:16.347-0800][6312.621s] Heap
[2019-03-30T23:25:16.347-0800][6312.621s]  par new generation   total 109248K, used 72846K [0x00000007a0000000, 0x00000007a8000000, 0x00000007a8000000)
[2019-03-30T23:25:16.347-0800][6312.622s]   eden space 87424K,  58% used [0x00000007a0000000, 0x00000007a31d3a10, 0x00000007a5560000)
[2019-03-30T23:25:16.347-0800][6312.622s]   from space 21824K, 100% used [0x00000007a6ab0000, 0x00000007a8000000, 0x00000007a8000000)
[2019-03-30T23:25:16.347-0800][6312.622s]   to   space 21824K,   0% used [0x00000007a5560000, 0x00000007a5560000, 0x00000007a6ab0000)
[2019-03-30T23:25:16.347-0800][6312.622s]  concurrent mark-sweep generation total 393216K, used 11849K [0x00000007a8000000, 0x00000007c0000000, 0x00000007c0000000)
[2019-03-30T23:25:16.347-0800][6312.622s]  Metaspace       used 50832K, capacity 51784K, committed 52308K, reserved 1095680K
[2019-03-30T23:25:16.347-0800][6312.622s]   class space    used 5633K, capacity 6022K, committed 6036K, reserved 1048576K
