[2019-04-06T12:31:06.117+0800][0.022s] Using Concurrent Mark Sweep
[2019-04-06T12:31:06.117+0800][0.022s] Heap address: 0x00000000e0000000, size: 512 MB, Compressed Oops mode: 32-bit
[2019-04-06T12:31:08.079+0800][1.985s] GC(0) Pause Young (Allocation Failure)
[2019-04-06T12:31:08.079+0800][1.985s] GC(0) Using 4 workers of 4 for evacuation
[2019-04-06T12:31:08.089+0800][1.995s] GC(0) ParNew: 87424K->8703K(109248K)
[2019-04-06T12:31:08.089+0800][1.995s] GC(0) CMS: 0K->0K(393216K)
[2019-04-06T12:31:08.089+0800][1.995s] GC(0) Metaspace: 22936K->22936K(1071104K)
[2019-04-06T12:31:08.089+0800][1.995s] GC(0) Pause Young (Allocation Failure) 85M->8M(490M) 10.437ms
[2019-04-06T12:31:08.089+0800][1.995s] GC(0) User=0.00s Sys=0.00s Real=0.01s
[2019-04-06T12:31:08.090+0800][1.996s] GC(1) Pause Initial Mark
[2019-04-06T12:31:08.092+0800][1.997s] GC(1) Pause Initial Mark 9M->9M(490M) 1.583ms
[2019-04-06T12:31:08.092+0800][1.998s] GC(1) User=0.00s Sys=0.00s Real=0.00s
[2019-04-06T12:31:08.092+0800][1.998s] GC(1) Concurrent Mark
[2019-04-06T12:31:08.092+0800][1.998s] GC(1) Using 4 workers of 4 for marking
[2019-04-06T12:31:08.096+0800][2.002s] GC(1) Concurrent Mark 4.041ms
[2019-04-06T12:31:08.096+0800][2.002s] GC(1) User=0.05s Sys=0.02s Real=0.00s
[2019-04-06T12:31:08.096+0800][2.002s] GC(1) Concurrent Preclean
[2019-04-06T12:31:08.097+0800][2.003s] GC(1) Concurrent Preclean 1.339ms
[2019-04-06T12:31:08.097+0800][2.003s] GC(1) User=0.00s Sys=0.00s Real=0.00s
[2019-04-06T12:31:08.099+0800][2.005s] GC(1) Pause Remark
[2019-04-06T12:31:08.099+0800][2.005s] GC(2) Pause Young (CMS Final Remark)
[2019-04-06T12:31:08.099+0800][2.005s] GC(2) Using 4 workers of 4 for evacuation
[2019-04-06T12:31:08.106+0800][2.012s] GC(2) ParNew: 10206K->11473K(109248K)
[2019-04-06T12:31:08.106+0800][2.012s] GC(2) CMS: 0K->0K(393216K)
[2019-04-06T12:31:08.107+0800][2.012s] GC(2) Metaspace: 22938K->22938K(1071104K)
[2019-04-06T12:31:08.107+0800][2.012s] GC(2) Pause Young (CMS Final Remark) 9M->11M(490M) 7.216ms
[2019-04-06T12:31:08.107+0800][2.012s] GC(2) User=0.00s Sys=0.00s Real=0.01s
[2019-04-06T12:31:08.115+0800][2.021s] GC(1) Pause Remark 9M->11M(490M) 15.629ms
[2019-04-06T12:31:08.115+0800][2.021s] GC(1) User=0.08s Sys=0.00s Real=0.02s
[2019-04-06T12:31:08.115+0800][2.021s] GC(1) Concurrent Sweep
[2019-04-06T12:31:08.115+0800][2.021s] GC(1) Concurrent Sweep 0.066ms
[2019-04-06T12:31:08.115+0800][2.021s] GC(1) User=0.00s Sys=0.00s Real=0.00s
[2019-04-06T12:31:08.115+0800][2.021s] GC(1) Concurrent Reset
[2019-04-06T12:31:08.120+0800][2.026s] GC(1) Concurrent Reset 5.120ms
[2019-04-06T12:31:08.120+0800][2.026s] GC(1) User=0.00s Sys=0.00s Real=0.00s
[2019-04-06T12:31:08.120+0800][2.026s] GC(1) Old: 0K->0K(393216K)
[2019-04-06T12:31:09.974+0800][3.879s] GC(3) Pause Young (Allocation Failure)
[2019-04-06T12:31:09.974+0800][3.880s] GC(3) Using 4 workers of 4 for evacuation
[2019-04-06T12:31:09.986+0800][3.892s] GC(3) ParNew: 98897K->15513K(109248K)
[2019-04-06T12:31:09.986+0800][3.892s] GC(3) CMS: 0K->0K(393216K)
[2019-04-06T12:31:09.986+0800][3.892s] GC(3) Metaspace: 32483K->32483K(1079296K)
[2019-04-06T12:31:09.986+0800][3.892s] GC(3) Pause Young (Allocation Failure) 96M->15M(490M) 12.421ms
[2019-04-06T12:31:09.986+0800][3.892s] GC(3) User=0.06s Sys=0.00s Real=0.01s
[2019-04-06T12:31:15.316+0800][9.221s] GC(4) Pause Young (Allocation Failure)
[2019-04-06T12:31:15.316+0800][9.221s] GC(4) Using 4 workers of 4 for evacuation
[2019-04-06T12:31:15.328+0800][9.233s] GC(4) ParNew: 102937K->21824K(109248K)
[2019-04-06T12:31:15.328+0800][9.233s] GC(4) CMS: 0K->496K(393216K)
[2019-04-06T12:31:15.328+0800][9.233s] GC(4) Metaspace: 36563K->36563K(1083392K)
[2019-04-06T12:31:15.328+0800][9.233s] GC(4) Pause Young (Allocation Failure) 100M->21M(490M) 12.067ms
[2019-04-06T12:31:15.328+0800][9.233s] GC(4) User=0.05s Sys=0.05s Real=0.01s
[2019-04-06T12:31:15.509+0800][9.414s] GC(5) Pause Young (Allocation Failure)
[2019-04-06T12:31:15.509+0800][9.414s] GC(5) Using 4 workers of 4 for evacuation
[2019-04-06T12:31:15.519+0800][9.424s] GC(5) ParNew: 109248K->21824K(109248K)
[2019-04-06T12:31:15.519+0800][9.424s] GC(5) CMS: 496K->1541K(393216K)
[2019-04-06T12:31:15.519+0800][9.424s] GC(5) Metaspace: 38249K->38249K(1083392K)
[2019-04-06T12:31:15.519+0800][9.424s] GC(5) Pause Young (Allocation Failure) 107M->22M(490M) 10.283ms
[2019-04-06T12:31:15.519+0800][9.424s] GC(5) User=0.06s Sys=0.02s Real=0.01s
[2019-04-06T12:31:15.611+0800][9.517s] GC(6) Pause Young (Allocation Failure)
[2019-04-06T12:31:15.611+0800][9.517s] GC(6) Using 4 workers of 4 for evacuation
[2019-04-06T12:31:15.621+0800][9.527s] GC(6) ParNew: 109248K->21824K(109248K)
[2019-04-06T12:31:15.621+0800][9.527s] GC(6) CMS: 1541K->9365K(393216K)
[2019-04-06T12:31:15.621+0800][9.527s] GC(6) Metaspace: 39262K->39262K(1085440K)
[2019-04-06T12:31:15.621+0800][9.527s] GC(6) Pause Young (Allocation Failure) 108M->30M(490M) 10.578ms
[2019-04-06T12:31:15.621+0800][9.527s] GC(6) User=0.00s Sys=0.00s Real=0.01s
[2019-04-06T12:31:15.622+0800][9.527s] GC(7) Pause Initial Mark
[2019-04-06T12:31:15.623+0800][9.529s] GC(7) Pause Initial Mark 31M->31M(490M) 1.682ms
[2019-04-06T12:31:15.623+0800][9.529s] GC(7) User=0.00s Sys=0.00s Real=0.00s
[2019-04-06T12:31:15.623+0800][9.529s] GC(7) Concurrent Mark
[2019-04-06T12:31:15.623+0800][9.529s] GC(7) Using 4 workers of 4 for marking
[2019-04-06T12:31:15.628+0800][9.534s] GC(7) Concurrent Mark 4.388ms
[2019-04-06T12:31:15.628+0800][9.534s] GC(7) User=0.13s Sys=0.00s Real=0.01s
[2019-04-06T12:31:15.628+0800][9.534s] GC(7) Concurrent Preclean
[2019-04-06T12:31:15.629+0800][9.534s] GC(7) Concurrent Preclean 0.730ms
[2019-04-06T12:31:15.629+0800][9.534s] GC(7) User=0.00s Sys=0.00s Real=0.00s
[2019-04-06T12:31:15.629+0800][9.534s] GC(7) Concurrent Abortable Preclean
[2019-04-06T12:31:15.673+0800][9.579s] GC(8) Pause Young (Allocation Failure)
[2019-04-06T12:31:15.673+0800][9.579s] GC(8) Using 4 workers of 4 for evacuation
[2019-04-06T12:31:15.678+0800][9.584s] GC(8) ParNew: 109248K->14336K(109248K)
[2019-04-06T12:31:15.678+0800][9.584s] GC(8) CMS: 9365K->9365K(393216K)
[2019-04-06T12:31:15.678+0800][9.584s] GC(8) Metaspace: 39418K->39418K(1085440K)
[2019-04-06T12:31:15.678+0800][9.584s] GC(8) Pause Young (Allocation Failure) 115M->23M(490M) 5.404ms
[2019-04-06T12:31:15.678+0800][9.584s] GC(8) User=0.00s Sys=0.00s Real=0.00s
[2019-04-06T12:31:15.735+0800][9.641s] GC(7) Concurrent Abortable Preclean 106.176ms
[2019-04-06T12:31:15.735+0800][9.641s] GC(7) User=0.73s Sys=0.02s Real=0.11s
[2019-04-06T12:31:15.735+0800][9.641s] GC(7) Pause Remark
[2019-04-06T12:31:15.735+0800][9.641s] GC(9) Pause Young (CMS Final Remark)
[2019-04-06T12:31:15.735+0800][9.641s] GC(9) Using 4 workers of 4 for evacuation
[2019-04-06T12:31:15.741+0800][9.646s] GC(9) ParNew: 89339K->20771K(109248K)
[2019-04-06T12:31:15.741+0800][9.646s] GC(9) CMS: 9365K->9365K(393216K)
[2019-04-06T12:31:15.741+0800][9.646s] GC(9) Metaspace: 39699K->39699K(1085440K)
[2019-04-06T12:31:15.741+0800][9.646s] GC(9) Pause Young (CMS Final Remark) 96M->29M(490M) 5.562ms
[2019-04-06T12:31:15.741+0800][9.646s] GC(9) User=0.00s Sys=0.00s Real=0.01s
[2019-04-06T12:31:15.747+0800][9.653s] GC(7) Pause Remark 96M->29M(490M) 12.160ms
[2019-04-06T12:31:15.748+0800][9.653s] GC(7) User=0.00s Sys=0.00s Real=0.01s
[2019-04-06T12:31:15.748+0800][9.653s] GC(7) Concurrent Sweep
[2019-04-06T12:31:15.750+0800][9.655s] GC(7) Concurrent Sweep 2.369ms
[2019-04-06T12:31:15.750+0800][9.655s] GC(7) User=0.08s Sys=0.00s Real=0.00s
[2019-04-06T12:31:15.750+0800][9.656s] GC(7) Concurrent Reset
[2019-04-06T12:31:15.750+0800][9.656s] GC(7) Concurrent Reset 0.294ms
[2019-04-06T12:31:15.750+0800][9.656s] GC(7) User=0.00s Sys=0.00s Real=0.00s
[2019-04-06T12:31:15.750+0800][9.656s] GC(7) Old: 9365K->9360K(393216K)
[2019-04-06T12:31:16.172+0800][10.077s] GC(10) Pause Young (Allocation Failure)
[2019-04-06T12:31:16.172+0800][10.078s] GC(10) Using 4 workers of 4 for evacuation
[2019-04-06T12:31:16.180+0800][10.085s] GC(10) ParNew: 108195K->17714K(109248K)
[2019-04-06T12:31:16.180+0800][10.085s] GC(10) CMS: 9360K->9360K(393216K)
[2019-04-06T12:31:16.180+0800][10.085s] GC(10) Metaspace: 44484K->44484K(1089536K)
[2019-04-06T12:31:16.180+0800][10.085s] GC(10) Pause Young (Allocation Failure) 114M->26M(490M) 7.502ms
[2019-04-06T12:31:16.180+0800][10.085s] GC(10) User=0.00s Sys=0.00s Real=0.01s
[2019-04-06T12:31:21.187+0800][15.093s] GC(11) Pause Young (Allocation Failure)
[2019-04-06T12:31:21.187+0800][15.093s] GC(11) Using 4 workers of 4 for evacuation
[2019-04-06T12:31:21.196+0800][15.101s] GC(11) ParNew: 105138K->19972K(109248K)
[2019-04-06T12:31:21.196+0800][15.101s] GC(11) CMS: 9360K->9427K(393216K)
[2019-04-06T12:31:21.196+0800][15.101s] GC(11) Metaspace: 46756K->46756K(1091584K)
[2019-04-06T12:31:21.196+0800][15.101s] GC(11) Pause Young (Allocation Failure) 111M->28M(490M) 8.527ms
[2019-04-06T12:31:21.196+0800][15.101s] GC(11) User=0.00s Sys=0.00s Real=0.01s
