[2019-04-05T14:59:09.173+0800][0.017s] Using Concurrent Mark Sweep
[2019-04-05T14:59:09.173+0800][0.017s] Heap address: 0x00000000e0000000, size: 512 MB, Compressed Oops mode: 32-bit
[2019-04-05T14:59:10.745+0800][1.589s] GC(0) Pause Young (Allocation Failure)
[2019-04-05T14:59:10.746+0800][1.589s] GC(0) Using 4 workers of 4 for evacuation
[2019-04-05T14:59:10.752+0800][1.596s] GC(0) ParNew: 87424K->8174K(109248K)
[2019-04-05T14:59:10.752+0800][1.596s] GC(0) CMS: 0K->0K(393216K)
[2019-04-05T14:59:10.752+0800][1.596s] GC(0) Metaspace: 22926K->22926K(1071104K)
[2019-04-05T14:59:10.752+0800][1.596s] GC(0) Pause Young (Allocation Failure) 85M->7M(490M) 6.655ms
[2019-04-05T14:59:10.752+0800][1.596s] GC(0) User=0.00s Sys=0.00s Real=0.01s
[2019-04-05T14:59:10.753+0800][1.596s] GC(1) Pause Initial Mark
[2019-04-05T14:59:10.754+0800][1.597s] GC(1) Pause Initial Mark 9M->9M(490M) 1.162ms
[2019-04-05T14:59:10.754+0800][1.597s] GC(1) User=0.00s Sys=0.00s Real=0.00s
[2019-04-05T14:59:10.754+0800][1.597s] GC(1) Concurrent Mark
[2019-04-05T14:59:10.754+0800][1.598s] GC(1) Using 4 workers of 4 for marking
[2019-04-05T14:59:10.754+0800][1.598s] GC(1) Concurrent Mark 0.329ms
[2019-04-05T14:59:10.754+0800][1.598s] GC(1) User=0.00s Sys=0.00s Real=0.00s
[2019-04-05T14:59:10.755+0800][1.598s] GC(1) Concurrent Preclean
[2019-04-05T14:59:10.756+0800][1.600s] GC(1) Concurrent Preclean 1.485ms
[2019-04-05T14:59:10.756+0800][1.600s] GC(1) User=0.00s Sys=0.00s Real=0.00s
[2019-04-05T14:59:10.756+0800][1.600s] GC(1) Pause Remark
[2019-04-05T14:59:10.756+0800][1.600s] GC(2) Pause Young (CMS Final Remark)
[2019-04-05T14:59:10.756+0800][1.600s] GC(2) Using 4 workers of 4 for evacuation
[2019-04-05T14:59:10.761+0800][1.605s] GC(2) ParNew: 9659K->10391K(109248K)
[2019-04-05T14:59:10.761+0800][1.605s] GC(2) CMS: 0K->0K(393216K)
[2019-04-05T14:59:10.761+0800][1.605s] GC(2) Metaspace: 22928K->22928K(1071104K)
[2019-04-05T14:59:10.761+0800][1.605s] GC(2) Pause Young (CMS Final Remark) 9M->10M(490M) 4.779ms
[2019-04-05T14:59:10.761+0800][1.605s] GC(2) User=0.05s Sys=0.02s Real=0.00s
[2019-04-05T14:59:10.765+0800][1.608s] GC(1) Pause Remark 9M->10M(490M) 8.475ms
[2019-04-05T14:59:10.765+0800][1.608s] GC(1) User=0.05s Sys=0.02s Real=0.01s
[2019-04-05T14:59:10.765+0800][1.609s] GC(1) Concurrent Sweep
[2019-04-05T14:59:10.765+0800][1.609s] GC(1) Concurrent Sweep 0.434ms
[2019-04-05T14:59:10.765+0800][1.609s] GC(1) User=0.00s Sys=0.00s Real=0.00s
[2019-04-05T14:59:10.766+0800][1.609s] GC(1) Concurrent Reset
[2019-04-05T14:59:10.769+0800][1.613s] GC(1) Concurrent Reset 3.457ms
[2019-04-05T14:59:10.769+0800][1.613s] GC(1) User=0.00s Sys=0.00s Real=0.00s
[2019-04-05T14:59:10.769+0800][1.613s] GC(1) Old: 0K->0K(393216K)
[2019-04-05T14:59:11.922+0800][2.766s] GC(3) Pause Young (Allocation Failure)
[2019-04-05T14:59:11.922+0800][2.766s] GC(3) Using 4 workers of 4 for evacuation
[2019-04-05T14:59:11.930+0800][2.774s] GC(3) ParNew: 97815K->15464K(109248K)
[2019-04-05T14:59:11.930+0800][2.774s] GC(3) CMS: 0K->0K(393216K)
[2019-04-05T14:59:11.930+0800][2.774s] GC(3) Metaspace: 32488K->32488K(1079296K)
[2019-04-05T14:59:11.930+0800][2.774s] GC(3) Pause Young (Allocation Failure) 95M->15M(490M) 7.832ms
[2019-04-05T14:59:11.930+0800][2.774s] GC(3) User=0.06s Sys=0.00s Real=0.01s
[2019-04-05T14:59:12.446+0800][3.289s] GC(4) Pause Young (Allocation Failure)
[2019-04-05T14:59:12.446+0800][3.289s] GC(4) Using 4 workers of 4 for evacuation
[2019-04-05T14:59:12.461+0800][3.305s] GC(4) ParNew: 102888K->21824K(109248K)
[2019-04-05T14:59:12.461+0800][3.305s] GC(4) CMS: 0K->914K(393216K)
[2019-04-05T14:59:12.461+0800][3.305s] GC(4) Metaspace: 36566K->36566K(1083392K)
[2019-04-05T14:59:12.461+0800][3.305s] GC(4) Pause Young (Allocation Failure) 100M->22M(490M) 15.609ms
[2019-04-05T14:59:12.461+0800][3.305s] GC(4) User=0.00s Sys=0.00s Real=0.01s
[2019-04-05T14:59:12.658+0800][3.502s] GC(5) Pause Young (Allocation Failure)
[2019-04-05T14:59:12.658+0800][3.502s] GC(5) Using 4 workers of 4 for evacuation
[2019-04-05T14:59:12.670+0800][3.514s] GC(5) ParNew: 109248K->21824K(109248K)
[2019-04-05T14:59:12.670+0800][3.514s] GC(5) CMS: 914K->2492K(393216K)
[2019-04-05T14:59:12.670+0800][3.514s] GC(5) Metaspace: 38271K->38271K(1083392K)
[2019-04-05T14:59:12.670+0800][3.514s] GC(5) Pause Young (Allocation Failure) 107M->23M(490M) 12.223ms
[2019-04-05T14:59:12.670+0800][3.514s] GC(5) User=0.08s Sys=0.00s Real=0.01s
[2019-04-05T14:59:12.777+0800][3.621s] GC(6) Pause Young (Allocation Failure)
[2019-04-05T14:59:12.777+0800][3.621s] GC(6) Using 4 workers of 4 for evacuation
[2019-04-05T14:59:12.787+0800][3.631s] GC(6) ParNew: 109248K->21824K(109248K)
[2019-04-05T14:59:12.788+0800][3.631s] GC(6) CMS: 2492K->5052K(393216K)
[2019-04-05T14:59:12.788+0800][3.631s] GC(6) Metaspace: 40096K->40096K(1085440K)
[2019-04-05T14:59:12.788+0800][3.631s] GC(6) Pause Young (Allocation Failure) 109M->26M(490M) 10.528ms
[2019-04-05T14:59:12.788+0800][3.631s] GC(6) User=0.00s Sys=0.00s Real=0.01s
[2019-04-05T14:59:12.788+0800][3.631s] GC(7) Pause Initial Mark
[2019-04-05T14:59:12.790+0800][3.634s] GC(7) Pause Initial Mark 27M->27M(490M) 2.371ms
[2019-04-05T14:59:12.790+0800][3.634s] GC(7) User=0.03s Sys=0.00s Real=0.00s
[2019-04-05T14:59:12.790+0800][3.634s] GC(7) Concurrent Mark
[2019-04-05T14:59:12.790+0800][3.634s] GC(7) Using 4 workers of 4 for marking
[2019-04-05T14:59:12.793+0800][3.637s] GC(7) Concurrent Mark 3.046ms
[2019-04-05T14:59:12.793+0800][3.637s] GC(7) User=0.00s Sys=0.00s Real=0.00s
[2019-04-05T14:59:12.793+0800][3.637s] GC(7) Concurrent Preclean
[2019-04-05T14:59:12.795+0800][3.638s] GC(7) Concurrent Preclean 1.081ms
[2019-04-05T14:59:12.795+0800][3.638s] GC(7) User=0.00s Sys=0.00s Real=0.00s
[2019-04-05T14:59:12.795+0800][3.638s] GC(7) Concurrent Abortable Preclean
[2019-04-05T14:59:12.857+0800][3.700s] GC(8) Pause Young (Allocation Failure)
[2019-04-05T14:59:12.857+0800][3.700s] GC(8) Using 4 workers of 4 for evacuation
[2019-04-05T14:59:12.869+0800][3.712s] GC(8) ParNew: 109248K->21824K(109248K)
[2019-04-05T14:59:12.869+0800][3.712s] GC(8) CMS: 5052K->5052K(393216K)
[2019-04-05T14:59:12.869+0800][3.712s] GC(8) Metaspace: 40441K->40441K(1085440K)
[2019-04-05T14:59:12.869+0800][3.712s] GC(8) Pause Young (Allocation Failure) 111M->26M(490M) 12.285ms
[2019-04-05T14:59:12.869+0800][3.712s] GC(8) User=0.09s Sys=0.00s Real=0.01s
[2019-04-05T14:59:12.875+0800][3.718s] GC(7) Concurrent Abortable Preclean 79.862ms
[2019-04-05T14:59:12.875+0800][3.718s] GC(7) User=0.53s Sys=0.03s Real=0.08s
[2019-04-05T14:59:12.875+0800][3.718s] GC(7) Pause Remark
[2019-04-05T14:59:12.875+0800][3.718s] GC(9) Pause Young (CMS Final Remark)
[2019-04-05T14:59:12.875+0800][3.718s] GC(9) Using 4 workers of 4 for evacuation
[2019-04-05T14:59:12.886+0800][3.729s] GC(9) ParNew: 28106K->21824K(109248K)
[2019-04-05T14:59:12.886+0800][3.729s] GC(9) CMS: 5052K->5052K(393216K)
[2019-04-05T14:59:12.886+0800][3.729s] GC(9) Metaspace: 40455K->40455K(1085440K)
[2019-04-05T14:59:12.886+0800][3.729s] GC(9) Pause Young (CMS Final Remark) 32M->26M(490M) 10.999ms
[2019-04-05T14:59:12.886+0800][3.729s] GC(9) User=0.09s Sys=0.02s Real=0.01s
[2019-04-05T14:59:12.898+0800][3.741s] GC(7) Pause Remark 32M->26M(490M) 22.694ms
[2019-04-05T14:59:12.898+0800][3.741s] GC(7) User=0.09s Sys=0.02s Real=0.02s
[2019-04-05T14:59:12.898+0800][3.741s] GC(7) Concurrent Sweep
[2019-04-05T14:59:12.900+0800][3.744s] GC(7) Concurrent Sweep 2.425ms
[2019-04-05T14:59:12.900+0800][3.744s] GC(7) User=0.11s Sys=0.00s Real=0.00s
[2019-04-05T14:59:12.900+0800][3.744s] GC(7) Concurrent Reset
[2019-04-05T14:59:12.901+0800][3.744s] GC(7) Concurrent Reset 0.658ms
[2019-04-05T14:59:12.901+0800][3.744s] GC(7) User=0.00s Sys=0.00s Real=0.00s
[2019-04-05T14:59:12.901+0800][3.745s] GC(7) Old: 5052K->5048K(393216K)
[2019-04-05T14:59:12.966+0800][3.810s] GC(10) Pause Young (Allocation Failure)
[2019-04-05T14:59:12.966+0800][3.810s] GC(10) Using 4 workers of 4 for evacuation
[2019-04-05T14:59:12.979+0800][3.823s] GC(10) ParNew: 109248K->21815K(109248K)
[2019-04-05T14:59:12.979+0800][3.823s] GC(10) CMS: 5048K->11146K(393216K)
[2019-04-05T14:59:12.979+0800][3.823s] GC(10) Metaspace: 40922K->40922K(1087488K)
[2019-04-05T14:59:12.979+0800][3.823s] GC(10) Pause Young (Allocation Failure) 111M->32M(490M) 12.907ms
[2019-04-05T14:59:12.979+0800][3.823s] GC(10) User=0.06s Sys=0.00s Real=0.01s
[2019-04-05T14:59:13.557+0800][4.401s] GC(11) Pause Young (Allocation Failure)
[2019-04-05T14:59:13.557+0800][4.401s] GC(11) Using 4 workers of 4 for evacuation
[2019-04-05T14:59:13.564+0800][4.408s] GC(11) ParNew: 109239K->14378K(109248K)
[2019-04-05T14:59:13.564+0800][4.408s] GC(11) CMS: 11146K->11209K(393216K)
[2019-04-05T14:59:13.564+0800][4.408s] GC(11) Metaspace: 44534K->44534K(1089536K)
[2019-04-05T14:59:13.564+0800][4.408s] GC(11) Pause Young (Allocation Failure) 117M->24M(490M) 7.078ms
[2019-04-05T14:59:13.564+0800][4.408s] GC(11) User=0.00s Sys=0.00s Real=0.01s
[2019-04-05T14:59:14.065+0800][4.909s] GC(12) Pause Young (Allocation Failure)
[2019-04-05T14:59:14.065+0800][4.909s] GC(12) Using 4 workers of 4 for evacuation
[2019-04-05T14:59:14.077+0800][4.921s] GC(12) ParNew: 101802K->17722K(109248K)
[2019-04-05T14:59:14.077+0800][4.921s] GC(12) CMS: 11209K->14827K(393216K)
[2019-04-05T14:59:14.077+0800][4.921s] GC(12) Metaspace: 46933K->46933K(1091584K)
[2019-04-05T14:59:14.077+0800][4.921s] GC(12) Pause Young (Allocation Failure) 110M->31M(490M) 12.066ms
[2019-04-05T14:59:14.077+0800][4.921s] GC(12) User=0.08s Sys=0.00s Real=0.01s
[2019-04-05T17:08:40.171+0800][7771.029s] GC(13) Pause Young (Allocation Failure)
[2019-04-05T17:08:40.171+0800][7771.029s] GC(13) Using 4 workers of 4 for evacuation
[2019-04-05T17:08:40.191+0800][7771.049s] GC(13) ParNew: 105146K->21824K(109248K)
[2019-04-05T17:08:40.191+0800][7771.049s] GC(13) CMS: 14827K->21297K(393216K)
[2019-04-05T17:08:40.191+0800][7771.049s] GC(13) Metaspace: 51970K->51970K(1095680K)
[2019-04-05T17:08:40.191+0800][7771.049s] GC(13) Pause Young (Allocation Failure) 117M->42M(490M) 19.974ms
[2019-04-05T17:08:40.191+0800][7771.049s] GC(13) User=0.06s Sys=0.00s Real=0.02s
[2019-04-05T17:08:40.193+0800][7771.051s] Heap
[2019-04-05T17:08:40.193+0800][7771.052s]  par new generation   total 109248K, used 22981K [0x00000000e0000000, 0x00000000e8000000, 0x00000000e8000000)
[2019-04-05T17:08:40.194+0800][7771.052s]   eden space 87424K,   1% used [0x00000000e0000000, 0x00000000e0121548, 0x00000000e5560000)
[2019-04-05T17:08:40.194+0800][7771.052s]   from space 21824K, 100% used [0x00000000e5560000, 0x00000000e6ab0000, 0x00000000e6ab0000)
[2019-04-05T17:08:40.194+0800][7771.052s]   to   space 21824K,   0% used [0x00000000e6ab0000, 0x00000000e6ab0000, 0x00000000e8000000)
[2019-04-05T17:08:40.194+0800][7771.052s]  concurrent mark-sweep generation total 393216K, used 21297K [0x00000000e8000000, 0x0000000100000000, 0x0000000100000000)
[2019-04-05T17:08:40.194+0800][7771.052s]  Metaspace       used 51973K, capacity 53055K, committed 53316K, reserved 1095680K
[2019-04-05T17:08:40.194+0800][7771.052s]   class space    used 5972K, capacity 6425K, committed 6524K, reserved 1048576K
