[2019-04-06T13:57:35.744-0800][0.027s] Using Concurrent Mark Sweep
[2019-04-06T13:57:35.745-0800][0.027s] Heap address: 0x00000007a0000000, size: 512 MB, Compressed Oops mode: Zero based, Oop shift amount: 3
[2019-04-06T13:57:39.792-0800][4.073s] GC(0) Pause Initial Mark
[2019-04-06T13:57:39.813-0800][4.095s] GC(0) Pause Initial Mark 77M->77M(490M) 21.445ms
[2019-04-06T13:57:39.813-0800][4.095s] GC(0) User=0.03s Sys=0.00s Real=0.02s
[2019-04-06T13:57:39.813-0800][4.095s] GC(0) Concurrent Mark
[2019-04-06T13:57:39.813-0800][4.095s] GC(0) Using 4 workers of 4 for marking
[2019-04-06T13:57:39.815-0800][4.096s] GC(0) Concurrent Mark 1.359ms
[2019-04-06T13:57:39.815-0800][4.097s] GC(0) User=0.01s Sys=0.00s Real=0.00s
[2019-04-06T13:57:39.815-0800][4.097s] GC(0) Concurrent Preclean
[2019-04-06T13:57:39.817-0800][4.099s] GC(0) Concurrent Preclean 2.003ms
[2019-04-06T13:57:39.817-0800][4.099s] GC(0) User=0.00s Sys=0.00s Real=0.00s
[2019-04-06T13:57:39.817-0800][4.099s] GC(0) Concurrent Abortable Preclean
[2019-04-06T13:57:40.063-0800][4.345s] GC(1) Pause Young (Allocation Failure)
[2019-04-06T13:57:40.063-0800][4.345s] GC(1) Using 4 workers of 4 for evacuation
[2019-04-06T13:57:40.083-0800][4.365s] GC(1) ParNew: 87424K->11263K(109248K)
[2019-04-06T13:57:40.083-0800][4.365s] GC(1) CMS: 0K->0K(393216K)
[2019-04-06T13:57:40.083-0800][4.365s] GC(1) Metaspace: 24499K->24499K(1071104K)
[2019-04-06T13:57:40.083-0800][4.365s] GC(1) Pause Young (Allocation Failure) 85M->10M(490M) 20.072ms
[2019-04-06T13:57:40.083-0800][4.365s] GC(1) User=0.04s Sys=0.01s Real=0.02s
[2019-04-06T13:57:41.438-0800][5.720s] GC(0) Concurrent Abortable Preclean 1621.266ms
[2019-04-06T13:57:41.438-0800][5.720s] GC(0) User=3.67s Sys=0.15s Real=1.62s
[2019-04-06T13:57:41.439-0800][5.720s] GC(0) Pause Remark
[2019-04-06T13:57:41.439-0800][5.720s] GC(2) Pause Young (CMS Final Remark)
[2019-04-06T13:57:41.439-0800][5.720s] GC(2) Using 4 workers of 4 for evacuation
[2019-04-06T13:57:41.453-0800][5.735s] GC(2) ParNew: 56368K->15703K(109248K)
[2019-04-06T13:57:41.453-0800][5.735s] GC(2) CMS: 0K->0K(393216K)
[2019-04-06T13:57:41.453-0800][5.735s] GC(2) Metaspace: 28714K->28714K(1075200K)
[2019-04-06T13:57:41.453-0800][5.735s] GC(2) Pause Young (CMS Final Remark) 55M->15M(490M) 14.314ms
[2019-04-06T13:57:41.453-0800][5.735s] GC(2) User=0.04s Sys=0.01s Real=0.02s
[2019-04-06T13:57:41.469-0800][5.751s] GC(0) Pause Remark 55M->15M(490M) 30.407ms
[2019-04-06T13:57:41.469-0800][5.751s] GC(0) User=0.07s Sys=0.01s Real=0.03s
[2019-04-06T13:57:41.469-0800][5.751s] GC(0) Concurrent Sweep
[2019-04-06T13:57:41.470-0800][5.751s] GC(0) Concurrent Sweep 0.505ms
[2019-04-06T13:57:41.470-0800][5.751s] GC(0) User=0.00s Sys=0.00s Real=0.01s
[2019-04-06T13:57:41.470-0800][5.752s] GC(0) Concurrent Reset
[2019-04-06T13:57:41.475-0800][5.757s] GC(0) Concurrent Reset 5.335ms
[2019-04-06T13:57:41.475-0800][5.757s] GC(0) User=0.00s Sys=0.00s Real=0.00s
[2019-04-06T13:57:41.475-0800][5.757s] GC(0) Old: 0K->0K(393216K)
[2019-04-06T13:58:15.696-0800][39.976s] GC(3) Pause Young (Allocation Failure)
[2019-04-06T13:58:15.697-0800][39.978s] GC(3) Using 4 workers of 4 for evacuation
[2019-04-06T13:58:15.719-0800][40.000s] GC(3) ParNew: 103127K->21824K(109248K)
[2019-04-06T13:58:15.719-0800][40.000s] GC(3) CMS: 0K->0K(393216K)
[2019-04-06T13:58:15.719-0800][40.000s] GC(3) Metaspace: 37603K->37603K(1083392K)
[2019-04-06T13:58:15.719-0800][40.000s] GC(3) Pause Young (Allocation Failure) 100M->21M(490M) 23.511ms
[2019-04-06T13:58:15.719-0800][40.000s] GC(3) User=0.06s Sys=0.01s Real=0.02s
[2019-04-06T13:58:16.606-0800][40.887s] GC(4) Pause Young (Allocation Failure)
[2019-04-06T13:58:16.606-0800][40.887s] GC(4) Using 4 workers of 4 for evacuation
[2019-04-06T13:58:16.695-0800][40.975s] GC(4) ParNew: 109248K->19084K(109248K)
[2019-04-06T13:58:16.695-0800][40.975s] GC(4) CMS: 0K->11442K(393216K)
[2019-04-06T13:58:16.695-0800][40.975s] GC(4) Metaspace: 39497K->39497K(1085440K)
[2019-04-06T13:58:16.695-0800][40.975s] GC(4) Pause Young (Allocation Failure) 106M->29M(490M) 88.861ms
[2019-04-06T13:58:16.695-0800][40.975s] GC(4) User=0.19s Sys=0.04s Real=0.09s
[2019-04-06T13:58:17.157-0800][41.438s] GC(5) Pause Young (Allocation Failure)
[2019-04-06T13:58:17.157-0800][41.438s] GC(5) Using 4 workers of 4 for evacuation
[2019-04-06T13:58:17.165-0800][41.446s] GC(5) ParNew: 106508K->11750K(109248K)
[2019-04-06T13:58:17.165-0800][41.446s] GC(5) CMS: 11442K->11442K(393216K)
[2019-04-06T13:58:17.165-0800][41.446s] GC(5) Metaspace: 40453K->40453K(1085440K)
[2019-04-06T13:58:17.165-0800][41.446s] GC(5) Pause Young (Allocation Failure) 115M->22M(490M) 8.188ms
[2019-04-06T13:58:17.165-0800][41.446s] GC(5) User=0.04s Sys=0.00s Real=0.01s
[2019-04-06T13:58:18.414-0800][42.695s] GC(6) Pause Young (Allocation Failure)
[2019-04-06T13:58:18.414-0800][42.695s] GC(6) Using 4 workers of 4 for evacuation
[2019-04-06T13:58:18.422-0800][42.703s] GC(6) ParNew: 99174K->14257K(109248K)
[2019-04-06T13:58:18.422-0800][42.703s] GC(6) CMS: 11442K->11442K(393216K)
[2019-04-06T13:58:18.422-0800][42.703s] GC(6) Metaspace: 44690K->44690K(1089536K)
[2019-04-06T13:58:18.422-0800][42.703s] GC(6) Pause Young (Allocation Failure) 108M->25M(490M) 8.501ms
[2019-04-06T13:58:18.422-0800][42.703s] GC(6) User=0.03s Sys=0.01s Real=0.01s
[2019-04-06T13:58:28.057-0800][52.337s] GC(7) Pause Young (Allocation Failure)
[2019-04-06T13:58:28.058-0800][52.339s] GC(7) Using 4 workers of 4 for evacuation
[2019-04-06T13:58:28.078-0800][52.358s] GC(7) ParNew: 101681K->21824K(109248K)
[2019-04-06T13:58:28.078-0800][52.358s] GC(7) CMS: 11442K->11496K(393216K)
[2019-04-06T13:58:28.078-0800][52.358s] GC(7) Metaspace: 48050K->48050K(1093632K)
[2019-04-06T13:58:28.078-0800][52.358s] GC(7) Pause Young (Allocation Failure) 110M->32M(490M) 20.951ms
[2019-04-06T13:58:28.078-0800][52.358s] GC(7) User=0.07s Sys=0.00s Real=0.02s
[2019-04-06T13:58:28.258-0800][52.539s] GC(8) Pause Young (Allocation Failure)
[2019-04-06T13:58:28.258-0800][52.539s] GC(8) Using 4 workers of 4 for evacuation
[2019-04-06T13:58:28.286-0800][52.567s] GC(8) ParNew: 109248K->21287K(109248K)
[2019-04-06T13:58:28.286-0800][52.567s] GC(8) CMS: 11496K->20463K(393216K)
[2019-04-06T13:58:28.286-0800][52.567s] GC(8) Metaspace: 48104K->48104K(1093632K)
[2019-04-06T13:58:28.286-0800][52.567s] GC(8) Pause Young (Allocation Failure) 117M->40M(490M) 28.026ms
[2019-04-06T13:58:28.286-0800][52.567s] GC(8) User=0.09s Sys=0.01s Real=0.03s
[2019-04-06T13:58:28.483-0800][52.763s] GC(9) Pause Young (Allocation Failure)
[2019-04-06T13:58:28.483-0800][52.763s] GC(9) Using 4 workers of 4 for evacuation
[2019-04-06T13:58:28.502-0800][52.782s] GC(9) ParNew: 108711K->16651K(109248K)
[2019-04-06T13:58:28.502-0800][52.782s] GC(9) CMS: 20463K->20463K(393216K)
[2019-04-06T13:58:28.502-0800][52.782s] GC(9) Metaspace: 48169K->48169K(1093632K)
[2019-04-06T13:58:28.502-0800][52.782s] GC(9) Pause Young (Allocation Failure) 126M->36M(490M) 19.238ms
[2019-04-06T13:58:28.502-0800][52.782s] GC(9) User=0.05s Sys=0.00s Real=0.02s
[2019-04-06T13:58:28.565-0800][52.845s] GC(10) Pause Initial Mark
[2019-04-06T13:58:28.574-0800][52.854s] GC(10) Pause Initial Mark 37M->37M(490M) 8.807ms
[2019-04-06T13:58:28.574-0800][52.854s] GC(10) User=0.02s Sys=0.00s Real=0.01s
[2019-04-06T13:58:28.574-0800][52.854s] GC(10) Concurrent Mark
[2019-04-06T13:58:28.574-0800][52.854s] GC(10) Using 4 workers of 4 for marking
[2019-04-06T13:58:28.596-0800][52.876s] GC(10) Concurrent Mark 21.892ms
[2019-04-06T13:58:28.596-0800][52.876s] GC(10) User=0.04s Sys=0.00s Real=0.02s
[2019-04-06T13:58:28.596-0800][52.876s] GC(10) Concurrent Preclean
[2019-04-06T13:58:28.597-0800][52.877s] GC(10) Concurrent Preclean 1.109ms
[2019-04-06T13:58:28.597-0800][52.877s] GC(10) User=0.00s Sys=0.00s Real=0.00s
[2019-04-06T13:58:28.613-0800][52.893s] GC(10) Pause Remark
[2019-04-06T13:58:28.613-0800][52.893s] GC(11) Pause Young (CMS Final Remark)
[2019-04-06T13:58:28.613-0800][52.893s] GC(11) Using 4 workers of 4 for evacuation
[2019-04-06T13:58:28.672-0800][52.952s] GC(11) ParNew: 17922K->14975K(109248K)
[2019-04-06T13:58:28.672-0800][52.952s] GC(11) CMS: 20463K->20463K(393216K)
[2019-04-06T13:58:28.672-0800][52.952s] GC(11) Metaspace: 48175K->48175K(1093632K)
[2019-04-06T13:58:28.672-0800][52.952s] GC(11) Pause Young (CMS Final Remark) 37M->34M(490M) 58.766ms
[2019-04-06T13:58:28.672-0800][52.952s] GC(11) User=0.05s Sys=0.00s Real=0.06s
[2019-04-06T13:58:28.724-0800][53.004s] GC(10) Pause Remark 37M->34M(490M) 111.161ms
[2019-04-06T13:58:28.724-0800][53.004s] GC(10) User=0.11s Sys=0.00s Real=0.11s
[2019-04-06T13:58:28.724-0800][53.005s] GC(10) Concurrent Sweep
[2019-04-06T13:58:28.733-0800][53.013s] GC(10) Concurrent Sweep 8.512ms
[2019-04-06T13:58:28.733-0800][53.013s] GC(10) User=0.03s Sys=0.01s Real=0.01s
[2019-04-06T13:58:28.733-0800][53.013s] GC(10) Concurrent Reset
[2019-04-06T13:58:28.741-0800][53.021s] GC(10) Concurrent Reset 8.072ms
[2019-04-06T13:58:28.741-0800][53.021s] GC(10) User=0.02s Sys=0.00s Real=0.01s
[2019-04-06T13:58:28.741-0800][53.021s] GC(10) Old: 20463K->20447K(393216K)
[2019-04-06T14:04:47.582-0800][431.851s] GC(12) Pause Young (Allocation Failure)
[2019-04-06T14:04:47.583-0800][431.852s] GC(12) Using 4 workers of 4 for evacuation
[2019-04-06T14:04:47.606-0800][431.875s] GC(12) ParNew: 102399K->21824K(109248K)
[2019-04-06T14:04:47.606-0800][431.875s] GC(12) CMS: 20447K->20854K(393216K)
[2019-04-06T14:04:47.606-0800][431.875s] GC(12) Metaspace: 49544K->49544K(1093632K)
[2019-04-06T14:04:47.606-0800][431.875s] GC(12) Pause Young (Allocation Failure) 119M->41M(490M) 24.241ms
[2019-04-06T14:04:47.606-0800][431.875s] GC(12) User=0.10s Sys=0.00s Real=0.02s
[2019-04-06T14:05:30.684-0800][474.951s] GC(13) Pause Young (Allocation Failure)
[2019-04-06T14:05:30.685-0800][474.953s] GC(13) Using 4 workers of 4 for evacuation
[2019-04-06T14:05:30.727-0800][474.995s] GC(13) ParNew: 109248K->21824K(109248K)
[2019-04-06T14:05:30.727-0800][474.995s] GC(13) CMS: 20854K->27737K(393216K)
[2019-04-06T14:05:30.727-0800][474.995s] GC(13) Metaspace: 52327K->52327K(1097728K)
[2019-04-06T14:05:30.727-0800][474.995s] GC(13) Pause Young (Allocation Failure) 127M->48M(490M) 43.258ms
[2019-04-06T14:05:30.727-0800][474.995s] GC(13) User=0.13s Sys=0.01s Real=0.04s
[2019-04-06T14:05:33.168-0800][477.436s] GC(14) Pause Young (Allocation Failure)
[2019-04-06T14:05:33.169-0800][477.436s] GC(14) Using 4 workers of 4 for evacuation
[2019-04-06T14:05:33.218-0800][477.486s] GC(14) ParNew: 109248K->21824K(109248K)
[2019-04-06T14:05:33.218-0800][477.486s] GC(14) CMS: 27737K->42282K(393216K)
[2019-04-06T14:05:33.218-0800][477.486s] GC(14) Metaspace: 52374K->52374K(1097728K)
[2019-04-06T14:05:33.218-0800][477.486s] GC(14) Pause Young (Allocation Failure) 133M->62M(490M) 49.680ms
[2019-04-06T14:05:33.218-0800][477.486s] GC(14) User=0.14s Sys=0.02s Real=0.05s
[2019-04-06T14:05:35.434-0800][479.702s] GC(15) Pause Young (Allocation Failure)
[2019-04-06T14:05:35.434-0800][479.702s] GC(15) Using 4 workers of 4 for evacuation
[2019-04-06T14:05:35.453-0800][479.720s] GC(15) ParNew: 109248K->21824K(109248K)
[2019-04-06T14:05:35.453-0800][479.720s] GC(15) CMS: 42282K->44412K(393216K)
[2019-04-06T14:05:35.453-0800][479.720s] GC(15) Metaspace: 52631K->52631K(1097728K)
[2019-04-06T14:05:35.453-0800][479.720s] GC(15) Pause Young (Allocation Failure) 147M->64M(490M) 18.706ms
[2019-04-06T14:05:35.453-0800][479.720s] GC(15) User=0.06s Sys=0.00s Real=0.02s
