[2019-04-06T18:49:50.939-0800][0.021s] Using Concurrent Mark Sweep
[2019-04-06T18:49:50.939-0800][0.021s] Heap address: 0x00000007a0000000, size: 512 MB, Compressed Oops mode: Zero based, Oop shift amount: 3
[2019-04-06T18:49:55.003-0800][4.084s] GC(0) Pause Initial Mark
[2019-04-06T18:49:55.018-0800][4.100s] GC(0) Pause Initial Mark 67M->67M(490M) 15.785ms
[2019-04-06T18:49:55.018-0800][4.100s] GC(0) User=0.04s Sys=0.00s Real=0.01s
[2019-04-06T18:49:55.018-0800][4.100s] GC(0) Concurrent Mark
[2019-04-06T18:49:55.019-0800][4.100s] GC(0) Using 4 workers of 4 for marking
[2019-04-06T18:49:55.019-0800][4.100s] GC(0) Concurrent Mark 0.243ms
[2019-04-06T18:49:55.019-0800][4.100s] GC(0) User=0.00s Sys=0.00s Real=0.00s
[2019-04-06T18:49:55.019-0800][4.100s] GC(0) Concurrent Preclean
[2019-04-06T18:49:55.020-0800][4.101s] GC(0) Concurrent Preclean 0.777ms
[2019-04-06T18:49:55.020-0800][4.101s] GC(0) User=0.01s Sys=0.00s Real=0.01s
[2019-04-06T18:49:55.020-0800][4.101s] GC(0) Concurrent Abortable Preclean
[2019-04-06T18:49:55.784-0800][4.866s] GC(1) Pause Young (Allocation Failure)
[2019-04-06T18:49:55.784-0800][4.866s] GC(1) Using 4 workers of 4 for evacuation
[2019-04-06T18:49:55.832-0800][4.914s] GC(1) ParNew: 87424K->11336K(109248K)
[2019-04-06T18:49:55.832-0800][4.914s] GC(1) CMS: 0K->0K(393216K)
[2019-04-06T18:49:55.832-0800][4.914s] GC(1) Metaspace: 24635K->24635K(1073152K)
[2019-04-06T18:49:55.832-0800][4.914s] GC(1) Pause Young (Allocation Failure) 85M->11M(490M) 48.058ms
[2019-04-06T18:49:55.832-0800][4.914s] GC(1) User=0.05s Sys=0.02s Real=0.05s
[2019-04-06T18:49:57.951-0800][7.031s] GC(0) Concurrent Abortable Preclean 2930.028ms
[2019-04-06T18:49:57.951-0800][7.031s] GC(0) User=4.66s Sys=0.24s Real=2.93s
[2019-04-06T18:49:57.954-0800][7.034s] GC(0) Pause Remark
[2019-04-06T18:49:57.954-0800][7.034s] GC(2) Pause Young (CMS Final Remark)
[2019-04-06T18:49:57.955-0800][7.035s] GC(2) Using 4 workers of 4 for evacuation
[2019-04-06T18:49:57.984-0800][7.064s] GC(2) ParNew: 55252K->15184K(109248K)
[2019-04-06T18:49:57.984-0800][7.064s] GC(2) CMS: 0K->0K(393216K)
[2019-04-06T18:49:57.984-0800][7.064s] GC(2) Metaspace: 30033K->30033K(1077248K)
[2019-04-06T18:49:57.984-0800][7.064s] GC(2) Pause Young (CMS Final Remark) 53M->14M(490M) 29.584ms
[2019-04-06T18:49:57.984-0800][7.064s] GC(2) User=0.04s Sys=0.01s Real=0.03s
[2019-04-06T18:49:58.005-0800][7.085s] GC(0) Pause Remark 53M->14M(490M) 50.903ms
[2019-04-06T18:49:58.005-0800][7.085s] GC(0) User=0.07s Sys=0.02s Real=0.05s
[2019-04-06T18:49:58.005-0800][7.085s] GC(0) Concurrent Sweep
[2019-04-06T18:49:58.006-0800][7.086s] GC(0) Concurrent Sweep 0.053ms
[2019-04-06T18:49:58.006-0800][7.086s] GC(0) User=0.00s Sys=0.00s Real=0.00s
[2019-04-06T18:49:58.006-0800][7.086s] GC(0) Concurrent Reset
[2019-04-06T18:49:58.014-0800][7.094s] GC(0) Concurrent Reset 8.703ms
[2019-04-06T18:49:58.014-0800][7.094s] GC(0) User=0.00s Sys=0.00s Real=0.01s
[2019-04-06T18:49:58.015-0800][7.095s] GC(0) Old: 0K->0K(393216K)
[2019-04-06T18:50:18.751-0800][27.817s] GC(3) Pause Young (Allocation Failure)
[2019-04-06T18:50:18.752-0800][27.818s] GC(3) Using 4 workers of 4 for evacuation
[2019-04-06T18:50:18.772-0800][27.839s] GC(3) ParNew: 102608K->21824K(109248K)
[2019-04-06T18:50:18.772-0800][27.839s] GC(3) CMS: 0K->0K(393216K)
[2019-04-06T18:50:18.772-0800][27.839s] GC(3) Metaspace: 37559K->37559K(1083392K)
[2019-04-06T18:50:18.772-0800][27.839s] GC(3) Pause Young (Allocation Failure) 100M->21M(490M) 21.680ms
[2019-04-06T18:50:18.772-0800][27.839s] GC(3) User=0.07s Sys=0.01s Real=0.02s
[2019-04-06T18:50:19.677-0800][28.743s] GC(4) Pause Young (Allocation Failure)
[2019-04-06T18:50:19.677-0800][28.743s] GC(4) Using 4 workers of 4 for evacuation
[2019-04-06T18:50:19.747-0800][28.814s] GC(4) ParNew: 109248K->21514K(109248K)
[2019-04-06T18:50:19.747-0800][28.814s] GC(4) CMS: 0K->11508K(393216K)
[2019-04-06T18:50:19.747-0800][28.814s] GC(4) Metaspace: 39487K->39487K(1085440K)
[2019-04-06T18:50:19.747-0800][28.814s] GC(4) Pause Young (Allocation Failure) 106M->32M(490M) 70.256ms
[2019-04-06T18:50:19.747-0800][28.814s] GC(4) User=0.17s Sys=0.03s Real=0.07s
[2019-04-06T18:50:20.181-0800][29.248s] GC(5) Pause Young (Allocation Failure)
[2019-04-06T18:50:20.181-0800][29.248s] GC(5) Using 4 workers of 4 for evacuation
[2019-04-06T18:50:20.191-0800][29.258s] GC(5) ParNew: 108938K->12371K(109248K)
[2019-04-06T18:50:20.191-0800][29.258s] GC(5) CMS: 11508K->11508K(393216K)
[2019-04-06T18:50:20.191-0800][29.258s] GC(5) Metaspace: 40437K->40437K(1085440K)
[2019-04-06T18:50:20.191-0800][29.258s] GC(5) Pause Young (Allocation Failure) 117M->23M(490M) 10.040ms
[2019-04-06T18:50:20.191-0800][29.258s] GC(5) User=0.04s Sys=0.00s Real=0.01s
[2019-04-06T18:50:21.468-0800][30.534s] GC(6) Pause Young (Allocation Failure)
[2019-04-06T18:50:21.468-0800][30.534s] GC(6) Using 4 workers of 4 for evacuation
[2019-04-06T18:50:21.482-0800][30.548s] GC(6) ParNew: 99795K->18780K(109248K)
[2019-04-06T18:50:21.482-0800][30.548s] GC(6) CMS: 11508K->11508K(393216K)
[2019-04-06T18:50:21.482-0800][30.548s] GC(6) Metaspace: 44698K->44698K(1089536K)
[2019-04-06T18:50:21.483-0800][30.548s] GC(6) Pause Young (Allocation Failure) 108M->29M(490M) 14.572ms
[2019-04-06T18:50:21.483-0800][30.548s] GC(6) User=0.05s Sys=0.01s Real=0.02s
[2019-04-06T18:50:32.799-0800][41.863s] GC(7) Pause Young (Allocation Failure)
[2019-04-06T18:50:32.800-0800][41.864s] GC(7) Using 4 workers of 4 for evacuation
[2019-04-06T18:50:32.824-0800][41.888s] GC(7) ParNew: 106204K->21824K(109248K)
[2019-04-06T18:50:32.824-0800][41.888s] GC(7) CMS: 11508K->11508K(393216K)
[2019-04-06T18:50:32.824-0800][41.888s] GC(7) Metaspace: 48083K->48083K(1093632K)
[2019-04-06T18:50:32.824-0800][41.888s] GC(7) Pause Young (Allocation Failure) 114M->32M(490M) 24.640ms
[2019-04-06T18:50:32.824-0800][41.888s] GC(7) User=0.09s Sys=0.00s Real=0.03s
[2019-04-06T18:50:32.970-0800][42.034s] GC(8) Pause Young (Allocation Failure)
[2019-04-06T18:50:32.970-0800][42.034s] GC(8) Using 4 workers of 4 for evacuation
[2019-04-06T18:50:32.993-0800][42.057s] GC(8) ParNew: 109248K->21824K(109248K)
[2019-04-06T18:50:32.993-0800][42.057s] GC(8) CMS: 11508K->13177K(393216K)
[2019-04-06T18:50:32.993-0800][42.057s] GC(8) Metaspace: 48121K->48121K(1093632K)
[2019-04-06T18:50:32.993-0800][42.057s] GC(8) Pause Young (Allocation Failure) 117M->34M(490M) 23.448ms
[2019-04-06T18:50:32.994-0800][42.057s] GC(8) User=0.07s Sys=0.00s Real=0.02s
[2019-04-06T18:50:33.205-0800][42.268s] GC(9) Pause Young (Allocation Failure)
[2019-04-06T18:50:33.205-0800][42.268s] GC(9) Using 4 workers of 4 for evacuation
[2019-04-06T18:50:33.236-0800][42.300s] GC(9) ParNew: 109248K->21824K(109248K)
[2019-04-06T18:50:33.236-0800][42.300s] GC(9) CMS: 13177K->21080K(393216K)
[2019-04-06T18:50:33.236-0800][42.300s] GC(9) Metaspace: 48177K->48177K(1093632K)
[2019-04-06T18:50:33.236-0800][42.300s] GC(9) Pause Young (Allocation Failure) 119M->41M(490M) 31.465ms
[2019-04-06T18:50:33.236-0800][42.300s] GC(9) User=0.08s Sys=0.01s Real=0.03s
[2019-04-06T18:51:39.749-0800][108.809s] GC(10) Pause Young (Allocation Failure)
[2019-04-06T18:51:39.749-0800][108.809s] GC(10) Using 4 workers of 4 for evacuation
[2019-04-06T18:51:39.779-0800][108.838s] GC(10) ParNew: 109248K->21824K(109248K)
[2019-04-06T18:51:39.779-0800][108.838s] GC(10) CMS: 21080K->21223K(393216K)
[2019-04-06T18:51:39.779-0800][108.838s] GC(10) Metaspace: 49461K->49461K(1093632K)
[2019-04-06T18:51:39.779-0800][108.838s] GC(10) Pause Young (Allocation Failure) 127M->42M(490M) 29.471ms
[2019-04-06T18:51:39.779-0800][108.839s] GC(10) User=0.09s Sys=0.00s Real=0.03s
[2019-04-06T18:51:41.782-0800][110.841s] GC(11) Pause Initial Mark
[2019-04-06T18:51:41.801-0800][110.861s] GC(11) Pause Initial Mark 73M->73M(490M) 19.180ms
[2019-04-06T18:51:41.801-0800][110.861s] GC(11) User=0.06s Sys=0.00s Real=0.02s
[2019-04-06T18:51:41.801-0800][110.861s] GC(11) Concurrent Mark
[2019-04-06T18:51:41.801-0800][110.861s] GC(11) Using 4 workers of 4 for marking
[2019-04-06T18:51:41.815-0800][110.875s] GC(11) Concurrent Mark 13.867ms
[2019-04-06T18:51:41.815-0800][110.875s] GC(11) User=0.04s Sys=0.00s Real=0.01s
[2019-04-06T18:51:41.815-0800][110.875s] GC(11) Concurrent Preclean
[2019-04-06T18:51:41.816-0800][110.876s] GC(11) Concurrent Preclean 0.806ms
[2019-04-06T18:51:41.816-0800][110.876s] GC(11) User=0.01s Sys=0.00s Real=0.00s
[2019-04-06T18:51:41.816-0800][110.876s] GC(11) Concurrent Abortable Preclean
[2019-04-06T18:51:47.940-0800][116.999s] GC(11) Concurrent Abortable Preclean 6123.787ms
[2019-04-06T18:51:47.940-0800][116.999s] GC(11) User=3.98s Sys=0.04s Real=6.13s
[2019-04-06T18:51:47.940-0800][117.000s] GC(11) Pause Remark
[2019-04-06T18:51:47.940-0800][117.000s] GC(12) Pause Young (CMS Final Remark)
[2019-04-06T18:51:47.940-0800][117.000s] GC(12) Using 4 workers of 4 for evacuation
[2019-04-06T18:51:47.966-0800][117.025s] GC(12) ParNew: 53674K->21824K(109248K)
[2019-04-06T18:51:47.966-0800][117.025s] GC(12) CMS: 21223K->23025K(393216K)
[2019-04-06T18:51:47.966-0800][117.026s] GC(12) Metaspace: 51749K->51749K(1095680K)
[2019-04-06T18:51:47.966-0800][117.026s] GC(12) Pause Young (CMS Final Remark) 73M->43M(490M) 25.960ms
[2019-04-06T18:51:47.966-0800][117.026s] GC(12) User=0.09s Sys=0.00s Real=0.02s
[2019-04-06T18:51:48.008-0800][117.068s] GC(11) Pause Remark 73M->43M(490M) 68.360ms
[2019-04-06T18:51:48.008-0800][117.068s] GC(11) User=0.15s Sys=0.00s Real=0.06s
[2019-04-06T18:51:48.009-0800][117.068s] GC(11) Concurrent Sweep
[2019-04-06T18:51:48.016-0800][117.075s] GC(11) Concurrent Sweep 7.340ms
[2019-04-06T18:51:48.016-0800][117.075s] GC(11) User=0.01s Sys=0.00s Real=0.01s
[2019-04-06T18:51:48.016-0800][117.075s] GC(11) Concurrent Reset
[2019-04-06T18:51:48.017-0800][117.076s] GC(11) Concurrent Reset 0.911ms
[2019-04-06T18:51:48.017-0800][117.076s] GC(11) User=0.00s Sys=0.00s Real=0.00s
[2019-04-06T18:51:48.017-0800][117.076s] GC(11) Old: 21223K->23001K(393216K)
[2019-04-06T18:52:00.981-0800][130.041s] GC(13) Pause Young (Allocation Failure)
[2019-04-06T18:52:00.982-0800][130.042s] GC(13) Using 4 workers of 4 for evacuation
[2019-04-06T18:52:01.028-0800][130.088s] GC(13) ParNew: 109248K->21824K(109248K)
[2019-04-06T18:52:01.028-0800][130.088s] GC(13) CMS: 23001K->38155K(393216K)
[2019-04-06T18:52:01.029-0800][130.088s] GC(13) Metaspace: 52210K->52210K(1097728K)
[2019-04-06T18:52:01.029-0800][130.088s] GC(13) Pause Young (Allocation Failure) 129M->58M(490M) 47.053ms
[2019-04-06T18:52:01.029-0800][130.088s] GC(13) User=0.13s Sys=0.01s Real=0.04s
[2019-04-06T18:52:03.171-0800][132.230s] GC(14) Pause Young (Allocation Failure)
[2019-04-06T18:52:03.171-0800][132.230s] GC(14) Using 4 workers of 4 for evacuation
[2019-04-06T18:52:03.249-0800][132.308s] GC(14) ParNew: 109248K->21824K(109248K)
[2019-04-06T18:52:03.249-0800][132.308s] GC(14) CMS: 38155K->41914K(393216K)
[2019-04-06T18:52:03.249-0800][132.308s] GC(14) Metaspace: 52218K->52218K(1097728K)
[2019-04-06T18:52:03.249-0800][132.308s] GC(14) Pause Young (Allocation Failure) 143M->62M(490M) 77.917ms
[2019-04-06T18:52:03.249-0800][132.308s] GC(14) User=0.11s Sys=0.01s Real=0.07s
[2019-04-06T18:52:05.214-0800][134.273s] GC(15) Pause Young (Allocation Failure)
[2019-04-06T18:52:05.214-0800][134.273s] GC(15) Using 4 workers of 4 for evacuation
[2019-04-06T18:52:05.249-0800][134.308s] GC(15) ParNew: 109235K->21824K(109248K)
[2019-04-06T18:52:05.249-0800][134.308s] GC(15) CMS: 41914K->49819K(393216K)
[2019-04-06T18:52:05.249-0800][134.308s] GC(15) Metaspace: 52478K->52478K(1097728K)
[2019-04-06T18:52:05.249-0800][134.308s] GC(15) Pause Young (Allocation Failure) 147M->69M(490M) 35.103ms
[2019-04-06T18:52:05.249-0800][134.308s] GC(15) User=0.10s Sys=0.00s Real=0.03s
