[2019-04-05T10:35:51.613+0800][0.018s] Using Concurrent Mark Sweep
[2019-04-05T10:35:51.613+0800][0.018s] Heap address: 0x00000000e0000000, size: 512 MB, Compressed Oops mode: 32-bit
[2019-04-05T10:35:57.644+0800][6.049s] GC(0) Pause Initial Mark
[2019-04-05T10:35:57.659+0800][6.064s] GC(0) Pause Initial Mark 75M->75M(490M) 15.161ms
[2019-04-05T10:35:57.659+0800][6.065s] GC(0) User=0.02s Sys=0.00s Real=0.01s
[2019-04-05T10:35:57.659+0800][6.065s] GC(0) Concurrent Mark
[2019-04-05T10:35:57.660+0800][6.065s] GC(0) Using 4 workers of 4 for marking
[2019-04-05T10:35:57.660+0800][6.065s] GC(0) Concurrent Mark 0.481ms
[2019-04-05T10:35:57.660+0800][6.065s] GC(0) User=0.00s Sys=0.00s Real=0.00s
[2019-04-05T10:35:57.660+0800][6.066s] GC(0) Concurrent Preclean
[2019-04-05T10:35:57.661+0800][6.066s] GC(0) Concurrent Preclean 0.788ms
[2019-04-05T10:35:57.661+0800][6.066s] GC(0) User=0.00s Sys=0.00s Real=0.00s
[2019-04-05T10:35:57.661+0800][6.066s] GC(0) Concurrent Abortable Preclean
[2019-04-05T10:36:00.680+0800][9.086s] GC(1) Pause Young (Allocation Failure)
[2019-04-05T10:36:00.681+0800][9.086s] GC(1) Using 4 workers of 4 for evacuation
[2019-04-05T10:36:00.690+0800][9.095s] GC(1) ParNew: 87424K->8589K(109248K)
[2019-04-05T10:36:00.690+0800][9.096s] GC(1) CMS: 0K->0K(393216K)
[2019-04-05T10:36:00.690+0800][9.096s] GC(1) Metaspace: 22933K->22933K(1071104K)
[2019-04-05T10:36:00.690+0800][9.096s] GC(1) Pause Young (Allocation Failure) 85M->8M(490M) 9.752ms
[2019-04-05T10:36:00.690+0800][9.096s] GC(1) User=0.00s Sys=0.00s Real=0.01s
[2019-04-05T10:36:01.490+0800][9.895s] GC(0) Concurrent Abortable Preclean 3828.724ms
[2019-04-05T10:36:01.490+0800][9.895s] GC(0) User=2.38s Sys=0.44s Real=3.83s
[2019-04-05T10:36:01.490+0800][9.895s] GC(0) Pause Remark
[2019-04-05T10:36:01.490+0800][9.895s] GC(2) Pause Young (CMS Final Remark)
[2019-04-05T10:36:01.490+0800][9.895s] GC(2) Using 4 workers of 4 for evacuation
[2019-04-05T10:36:01.498+0800][9.903s] GC(2) ParNew: 61115K->14009K(109248K)
[2019-04-05T10:36:01.498+0800][9.903s] GC(2) CMS: 0K->0K(393216K)
[2019-04-05T10:36:01.498+0800][9.903s] GC(2) Metaspace: 27539K->27539K(1075200K)
[2019-04-05T10:36:01.498+0800][9.903s] GC(2) Pause Young (CMS Final Remark) 59M->13M(490M) 7.975ms
[2019-04-05T10:36:01.498+0800][9.903s] GC(2) User=0.06s Sys=0.02s Real=0.01s
[2019-04-05T10:36:01.504+0800][9.909s] GC(0) Pause Remark 59M->13M(490M) 13.876ms
[2019-04-05T10:36:01.504+0800][9.909s] GC(0) User=0.06s Sys=0.02s Real=0.01s
[2019-04-05T10:36:01.504+0800][9.909s] GC(0) Concurrent Sweep
[2019-04-05T10:36:01.504+0800][9.909s] GC(0) Concurrent Sweep 0.039ms
[2019-04-05T10:36:01.504+0800][9.909s] GC(0) User=0.00s Sys=0.00s Real=0.00s
[2019-04-05T10:36:01.504+0800][9.909s] GC(0) Concurrent Reset
[2019-04-05T10:36:01.508+0800][9.913s] GC(0) Concurrent Reset 3.872ms
[2019-04-05T10:36:01.508+0800][9.913s] GC(0) User=0.00s Sys=0.00s Real=0.00s
[2019-04-05T10:36:01.508+0800][9.913s] GC(0) Old: 0K->0K(393216K)
[2019-04-05T10:36:02.817+0800][11.222s] GC(3) Pause Young (Allocation Failure)
[2019-04-05T10:36:02.817+0800][11.222s] GC(3) Using 4 workers of 4 for evacuation
[2019-04-05T10:36:02.828+0800][11.234s] GC(3) ParNew: 101433K->21824K(109248K)
[2019-04-05T10:36:02.828+0800][11.234s] GC(3) CMS: 0K->0K(393216K)
[2019-04-05T10:36:02.828+0800][11.234s] GC(3) Metaspace: 37147K->37147K(1083392K)
[2019-04-05T10:36:02.828+0800][11.234s] GC(3) Pause Young (Allocation Failure) 99M->21M(490M) 11.486ms
[2019-04-05T10:36:02.828+0800][11.234s] GC(3) User=0.06s Sys=0.00s Real=0.01s
[2019-04-05T10:36:06.543+0800][14.949s] GC(4) Pause Young (Allocation Failure)
[2019-04-05T10:36:06.543+0800][14.949s] GC(4) Using 4 workers of 4 for evacuation
[2019-04-05T10:36:06.554+0800][14.960s] GC(4) ParNew: 109240K->21824K(109248K)
[2019-04-05T10:36:06.554+0800][14.960s] GC(4) CMS: 0K->580K(393216K)
[2019-04-05T10:36:06.554+0800][14.960s] GC(4) Metaspace: 38816K->38816K(1085440K)
[2019-04-05T10:36:06.554+0800][14.960s] GC(4) Pause Young (Allocation Failure) 106M->21M(490M) 11.100ms
[2019-04-05T10:36:06.554+0800][14.960s] GC(4) User=0.00s Sys=0.00s Real=0.01s
[2019-04-05T10:36:06.774+0800][15.179s] GC(5) Pause Young (Allocation Failure)
[2019-04-05T10:36:06.774+0800][15.179s] GC(5) Using 4 workers of 4 for evacuation
[2019-04-05T10:36:06.787+0800][15.192s] GC(5) ParNew: 109248K->21824K(109248K)
[2019-04-05T10:36:06.787+0800][15.192s] GC(5) CMS: 580K->1819K(393216K)
[2019-04-05T10:36:06.787+0800][15.192s] GC(5) Metaspace: 40352K->40352K(1085440K)
[2019-04-05T10:36:06.787+0800][15.192s] GC(5) Pause Young (Allocation Failure) 107M->23M(490M) 13.217ms
[2019-04-05T10:36:06.787+0800][15.192s] GC(5) User=0.00s Sys=0.00s Real=0.01s
[2019-04-05T10:36:06.851+0800][15.256s] GC(6) Pause Young (Allocation Failure)
[2019-04-05T10:36:06.851+0800][15.256s] GC(6) Using 4 workers of 4 for evacuation
[2019-04-05T10:36:06.865+0800][15.271s] GC(6) ParNew: 109248K->21824K(109248K)
[2019-04-05T10:36:06.865+0800][15.271s] GC(6) CMS: 1819K->9517K(393216K)
[2019-04-05T10:36:06.865+0800][15.271s] GC(6) Metaspace: 40603K->40603K(1085440K)
[2019-04-05T10:36:06.865+0800][15.271s] GC(6) Pause Young (Allocation Failure) 108M->30M(490M) 15.616ms
[2019-04-05T10:36:06.865+0800][15.271s] GC(6) User=0.09s Sys=0.00s Real=0.01s
[2019-04-05T10:36:06.941+0800][15.347s] GC(7) Pause Young (Allocation Failure)
[2019-04-05T10:36:06.941+0800][15.347s] GC(7) Using 4 workers of 4 for evacuation
[2019-04-05T10:36:06.948+0800][15.354s] GC(7) ParNew: 109248K->16947K(109248K)
[2019-04-05T10:36:06.948+0800][15.354s] GC(7) CMS: 9517K->9517K(393216K)
[2019-04-05T10:36:06.948+0800][15.354s] GC(7) Metaspace: 40845K->40845K(1085440K)
[2019-04-05T10:36:06.948+0800][15.354s] GC(7) Pause Young (Allocation Failure) 115M->25M(490M) 7.247ms
[2019-04-05T10:36:06.948+0800][15.354s] GC(7) User=0.06s Sys=0.00s Real=0.01s
[2019-04-05T10:36:07.521+0800][15.926s] GC(8) Pause Young (Allocation Failure)
[2019-04-05T10:36:07.521+0800][15.926s] GC(8) Using 4 workers of 4 for evacuation
[2019-04-05T10:36:07.528+0800][15.933s] GC(8) ParNew: 104371K->20056K(109248K)
[2019-04-05T10:36:07.528+0800][15.933s] GC(8) CMS: 9517K->9517K(393216K)
[2019-04-05T10:36:07.528+0800][15.933s] GC(8) Metaspace: 43410K->43410K(1089536K)
[2019-04-05T10:36:07.528+0800][15.933s] GC(8) Pause Young (Allocation Failure) 111M->28M(490M) 7.221ms
[2019-04-05T10:36:07.528+0800][15.933s] GC(8) User=0.06s Sys=0.00s Real=0.01s
[2019-04-05T10:36:07.978+0800][16.384s] GC(9) Pause Young (Allocation Failure)
[2019-04-05T10:36:07.978+0800][16.384s] GC(9) Using 4 workers of 4 for evacuation
[2019-04-05T10:36:07.990+0800][16.396s] GC(9) ParNew: 107480K->19896K(109248K)
[2019-04-05T10:36:07.990+0800][16.396s] GC(9) CMS: 9517K->9517K(393216K)
[2019-04-05T10:36:07.990+0800][16.396s] GC(9) Metaspace: 45449K->45449K(1091584K)
[2019-04-05T10:36:07.990+0800][16.396s] GC(9) Pause Young (Allocation Failure) 114M->28M(490M) 11.548ms
[2019-04-05T10:36:07.990+0800][16.396s] GC(9) User=0.00s Sys=0.00s Real=0.01s
[2019-04-05T10:36:09.991+0800][18.396s] GC(10) Pause Initial Mark
[2019-04-05T10:36:09.998+0800][18.404s] GC(10) Pause Initial Mark 104M->104M(490M) 8.432ms
[2019-04-05T10:36:09.998+0800][18.404s] GC(10) User=0.06s Sys=0.00s Real=0.01s
[2019-04-05T10:36:09.998+0800][18.404s] GC(10) Concurrent Mark
[2019-04-05T10:36:09.998+0800][18.404s] GC(10) Using 4 workers of 4 for marking
[2019-04-05T10:36:10.001+0800][18.407s] GC(10) Concurrent Mark 3.232ms
[2019-04-05T10:36:10.002+0800][18.407s] GC(10) User=0.00s Sys=0.00s Real=0.00s
[2019-04-05T10:36:10.002+0800][18.407s] GC(10) Concurrent Preclean
[2019-04-05T10:36:10.002+0800][18.408s] GC(10) Concurrent Preclean 0.816ms
[2019-04-05T10:36:10.002+0800][18.408s] GC(10) User=0.00s Sys=0.00s Real=0.00s
[2019-04-05T10:36:10.002+0800][18.408s] GC(10) Concurrent Abortable Preclean
[2019-04-05T10:36:16.135+0800][24.540s] GC(10) Concurrent Abortable Preclean 6131.981ms
[2019-04-05T10:36:16.135+0800][24.540s] GC(10) User=2.36s Sys=0.02s Real=6.13s
[2019-04-05T10:36:16.135+0800][24.540s] GC(10) Pause Remark
[2019-04-05T10:36:16.135+0800][24.540s] GC(11) Pause Young (CMS Final Remark)
[2019-04-05T10:36:16.135+0800][24.541s] GC(11) Using 4 workers of 4 for evacuation
[2019-04-05T10:36:16.161+0800][24.566s] GC(11) ParNew: 98903K->21824K(109248K)
[2019-04-05T10:36:16.161+0800][24.566s] GC(11) CMS: 9517K->21225K(393216K)
[2019-04-05T10:36:16.161+0800][24.566s] GC(11) Metaspace: 49263K->49263K(1093632K)
[2019-04-05T10:36:16.161+0800][24.566s] GC(11) Pause Young (CMS Final Remark) 105M->42M(490M) 25.819ms
[2019-04-05T10:36:16.161+0800][24.566s] GC(11) User=0.06s Sys=0.00s Real=0.03s
[2019-04-05T10:36:16.179+0800][24.585s] GC(10) Pause Remark 105M->42M(490M) 44.341ms
[2019-04-05T10:36:16.179+0800][24.585s] GC(10) User=0.13s Sys=0.00s Real=0.04s
[2019-04-05T10:36:16.179+0800][24.585s] GC(10) Concurrent Sweep
[2019-04-05T10:36:16.184+0800][24.589s] GC(10) Concurrent Sweep 4.288ms
[2019-04-05T10:36:16.184+0800][24.589s] GC(10) User=0.03s Sys=0.00s Real=0.01s
[2019-04-05T10:36:16.184+0800][24.589s] GC(10) Concurrent Reset
[2019-04-05T10:36:16.184+0800][24.589s] GC(10) Concurrent Reset 0.212ms
[2019-04-05T10:36:16.184+0800][24.589s] GC(10) User=0.00s Sys=0.00s Real=0.00s
[2019-04-05T10:36:16.184+0800][24.589s] GC(10) Old: 9517K->21193K(393216K)
[2019-04-05T11:52:18.449+0800][4586.854s] GC(12) Pause Young (Allocation Failure)
[2019-04-05T11:52:18.450+0800][4586.855s] GC(12) Using 4 workers of 4 for evacuation
[2019-04-05T11:52:18.499+0800][4586.904s] GC(12) ParNew: 109248K->21824K(109248K)
[2019-04-05T11:52:18.499+0800][4586.905s] GC(12) CMS: 21193K->28326K(393216K)
[2019-04-05T11:52:18.499+0800][4586.905s] GC(12) Metaspace: 52371K->52371K(1097728K)
[2019-04-05T11:52:18.499+0800][4586.905s] GC(12) Pause Young (Allocation Failure) 127M->48M(490M) 50.339ms
[2019-04-05T11:52:18.499+0800][4586.905s] GC(12) User=0.11s Sys=0.11s Real=0.05s
